Archive member included to satisfy reference by file (symbol)

/usr/local/gcc-arm-none-eabi-5_2-2015q4/bin/../lib/gcc/arm-none-eabi/5.2.1/../../../../arm-none-eabi/lib/armv7-m/libm.a(lib_a-w_atan2.o)
                              bin/obj/vexdefault.o (atan2)
/usr/local/gcc-arm-none-eabi-5_2-2015q4/bin/../lib/gcc/arm-none-eabi/5.2.1/../../../../arm-none-eabi/lib/armv7-m/libm.a(lib_a-w_sqrt.o)
                              bin/obj/vexdefault.o (sqrt)
/usr/local/gcc-arm-none-eabi-5_2-2015q4/bin/../lib/gcc/arm-none-eabi/5.2.1/../../../../arm-none-eabi/lib/armv7-m/libm.a(lib_a-e_atan2.o)
                              /usr/local/gcc-arm-none-eabi-5_2-2015q4/bin/../lib/gcc/arm-none-eabi/5.2.1/../../../../arm-none-eabi/lib/armv7-m/libm.a(lib_a-w_atan2.o) (__ieee754_atan2)
/usr/local/gcc-arm-none-eabi-5_2-2015q4/bin/../lib/gcc/arm-none-eabi/5.2.1/../../../../arm-none-eabi/lib/armv7-m/libm.a(lib_a-e_sqrt.o)
                              /usr/local/gcc-arm-none-eabi-5_2-2015q4/bin/../lib/gcc/arm-none-eabi/5.2.1/../../../../arm-none-eabi/lib/armv7-m/libm.a(lib_a-w_sqrt.o) (__ieee754_sqrt)
/usr/local/gcc-arm-none-eabi-5_2-2015q4/bin/../lib/gcc/arm-none-eabi/5.2.1/../../../../arm-none-eabi/lib/armv7-m/libm.a(lib_a-s_atan.o)
                              /usr/local/gcc-arm-none-eabi-5_2-2015q4/bin/../lib/gcc/arm-none-eabi/5.2.1/../../../../arm-none-eabi/lib/armv7-m/libm.a(lib_a-e_atan2.o) (atan)
/usr/local/gcc-arm-none-eabi-5_2-2015q4/bin/../lib/gcc/arm-none-eabi/5.2.1/../../../../arm-none-eabi/lib/armv7-m/libm.a(lib_a-s_fabs.o)
                              /usr/local/gcc-arm-none-eabi-5_2-2015q4/bin/../lib/gcc/arm-none-eabi/5.2.1/../../../../arm-none-eabi/lib/armv7-m/libm.a(lib_a-e_atan2.o) (fabs)
/usr/local/gcc-arm-none-eabi-5_2-2015q4/bin/../lib/gcc/arm-none-eabi/5.2.1/../../../../arm-none-eabi/lib/armv7-m/libm.a(lib_a-s_fpclassify.o)
                              /usr/local/gcc-arm-none-eabi-5_2-2015q4/bin/../lib/gcc/arm-none-eabi/5.2.1/../../../../arm-none-eabi/lib/armv7-m/libm.a(lib_a-w_sqrt.o) (__fpclassifyd)
/usr/local/gcc-arm-none-eabi-5_2-2015q4/bin/../lib/gcc/arm-none-eabi/5.2.1/../../../../arm-none-eabi/lib/armv7-m/libm.a(lib_a-s_lib_ver.o)
                              /usr/local/gcc-arm-none-eabi-5_2-2015q4/bin/../lib/gcc/arm-none-eabi/5.2.1/../../../../arm-none-eabi/lib/armv7-m/libm.a(lib_a-w_sqrt.o) (__fdlib_version)
/usr/local/gcc-arm-none-eabi-5_2-2015q4/bin/../lib/gcc/arm-none-eabi/5.2.1/../../../../arm-none-eabi/lib/armv7-m/libm.a(lib_a-s_matherr.o)
                              /usr/local/gcc-arm-none-eabi-5_2-2015q4/bin/../lib/gcc/arm-none-eabi/5.2.1/../../../../arm-none-eabi/lib/armv7-m/libm.a(lib_a-w_sqrt.o) (matherr)
/usr/local/gcc-arm-none-eabi-5_2-2015q4/bin/../lib/gcc/arm-none-eabi/5.2.1/armv7-m/libgcc.a(_arm_addsubdf3.o)
                              bin/obj/vexprintf.o (__aeabi_dsub)
/usr/local/gcc-arm-none-eabi-5_2-2015q4/bin/../lib/gcc/arm-none-eabi/5.2.1/armv7-m/libgcc.a(_arm_muldivdf3.o)
                              bin/obj/vexprintf.o (__aeabi_dmul)
/usr/local/gcc-arm-none-eabi-5_2-2015q4/bin/../lib/gcc/arm-none-eabi/5.2.1/armv7-m/libgcc.a(_arm_cmpdf2.o)
                              bin/obj/vexprintf.o (__aeabi_dcmplt)
/usr/local/gcc-arm-none-eabi-5_2-2015q4/bin/../lib/gcc/arm-none-eabi/5.2.1/armv7-m/libgcc.a(_arm_fixdfsi.o)
                              bin/obj/smartmotor.o (__aeabi_d2iz)
/usr/local/gcc-arm-none-eabi-5_2-2015q4/bin/../lib/gcc/arm-none-eabi/5.2.1/armv7-m/libgcc.a(_arm_fixunsdfsi.o)
                              bin/obj/vexprintf.o (__aeabi_d2uiz)
/usr/local/gcc-arm-none-eabi-5_2-2015q4/bin/../lib/gcc/arm-none-eabi/5.2.1/armv7-m/libgcc.a(_arm_truncdfsf2.o)
                              bin/obj/smartmotor.o (__aeabi_d2f)
/usr/local/gcc-arm-none-eabi-5_2-2015q4/bin/../lib/gcc/arm-none-eabi/5.2.1/armv7-m/libgcc.a(_arm_addsubsf3.o)
                              bin/obj/smartmotor.o (__aeabi_fsub)
/usr/local/gcc-arm-none-eabi-5_2-2015q4/bin/../lib/gcc/arm-none-eabi/5.2.1/armv7-m/libgcc.a(_arm_muldivsf3.o)
                              bin/obj/vexaudio.o (__aeabi_fmul)
/usr/local/gcc-arm-none-eabi-5_2-2015q4/bin/../lib/gcc/arm-none-eabi/5.2.1/armv7-m/libgcc.a(_arm_cmpsf2.o)
                              bin/obj/smartmotor.o (__aeabi_fcmpeq)
/usr/local/gcc-arm-none-eabi-5_2-2015q4/bin/../lib/gcc/arm-none-eabi/5.2.1/armv7-m/libgcc.a(_arm_fixsfsi.o)
                              bin/obj/smartmotor.o (__aeabi_f2iz)
/usr/local/gcc-arm-none-eabi-5_2-2015q4/bin/../lib/gcc/arm-none-eabi/5.2.1/armv7-m/libgcc.a(_arm_fixunssfsi.o)
                              bin/obj/vexaudio.o (__aeabi_f2uiz)
/usr/local/gcc-arm-none-eabi-5_2-2015q4/bin/../lib/gcc/arm-none-eabi/5.2.1/../../../../arm-none-eabi/lib/armv7-m/libc.a(lib_a-atoi.o)
                              bin/obj/vexmotor.o (atoi)
/usr/local/gcc-arm-none-eabi-5_2-2015q4/bin/../lib/gcc/arm-none-eabi/5.2.1/../../../../arm-none-eabi/lib/armv7-m/libc.a(lib_a-errno.o)
[...]
Memory Configuration

Name             Origin             Length             Attributes
flash            0x0000000008000000 0x0000000000060000
ram              0x0000000020000000 0x0000000000010000
*default*        0x0000000000000000 0xffffffffffffffff

Linker script and memory map

LOAD bin/obj/crt0.o
LOAD bin/obj/vectors.o
LOAD bin/obj/chcore.o
LOAD bin/obj/chcore_v7m.o
LOAD bin/obj/nvic.o
LOAD bin/obj/chsys.o
LOAD bin/obj/chdebug.o
LOAD bin/obj/chlists.o
LOAD bin/obj/chvt.o
LOAD bin/obj/chschd.o
LOAD bin/obj/chthreads.o
LOAD bin/obj/chdynamic.o
LOAD bin/obj/chregistry.o
LOAD bin/obj/chsem.o
LOAD bin/obj/chmtx.o
LOAD bin/obj/chcond.o
LOAD bin/obj/chevents.o
LOAD bin/obj/chmsg.o
LOAD bin/obj/chmboxes.o
LOAD bin/obj/chqueues.o
LOAD bin/obj/chmemcore.o
LOAD bin/obj/chheap.o
LOAD bin/obj/chmempools.o
LOAD bin/obj/hal.o
LOAD bin/obj/adc.o
LOAD bin/obj/can.o
LOAD bin/obj/ext.o
LOAD bin/obj/gpt.o
LOAD bin/obj/i2c.o
LOAD bin/obj/icu.o
LOAD bin/obj/mac.o
LOAD bin/obj/mmc_spi.o
LOAD bin/obj/mmcsd.o
LOAD bin/obj/pal.o
LOAD bin/obj/pwm.o
LOAD bin/obj/rtc.o
LOAD bin/obj/sdc.o
LOAD bin/obj/serial.o
LOAD bin/obj/serial_usb.o
LOAD bin/obj/spi.o
LOAD bin/obj/tm.o
LOAD bin/obj/uart.o
LOAD bin/obj/usb.o
LOAD bin/obj/stm32_dma.o
LOAD bin/obj/hal_lld.o
LOAD bin/obj/adc_lld.o
LOAD bin/obj/ext_lld_isr.o
LOAD bin/obj/can_lld.o
LOAD bin/obj/ext_lld.o
LOAD bin/obj/mac_lld.o
LOAD bin/obj/sdc_lld.o
LOAD bin/obj/pal_lld.o
LOAD bin/obj/i2c_lld.o
LOAD bin/obj/rtc_lld.o
LOAD bin/obj/spi_lld.o
LOAD bin/obj/gpt_lld.o
LOAD bin/obj/icu_lld.o
LOAD bin/obj/pwm_lld.o
LOAD bin/obj/serial_lld.o
LOAD bin/obj/uart_lld.o
LOAD bin/obj/usb_lld.o
LOAD bin/obj/board.o
LOAD bin/obj/evtimer.o
LOAD bin/obj/syscalls.o
LOAD bin/obj/chprintf.o
LOAD bin/obj/vexshell.o
LOAD bin/obj/vexcortex.o
LOAD bin/obj/vexdigital.o
LOAD bin/obj/vexconfig.o
LOAD bin/obj/vexext.o
LOAD bin/obj/vexencoder.o
LOAD bin/obj/vexsonar.o
LOAD bin/obj/vexmotor.o
LOAD bin/obj/vexspi.o
LOAD bin/obj/vexlcd.o
LOAD bin/obj/vexanalog.o
LOAD bin/obj/vexctl.o
LOAD bin/obj/vexime.o
LOAD bin/obj/vexprintf.o
LOAD bin/obj/vexaudio.o
LOAD bin/obj/vexrttl.o
LOAD bin/obj/vexsensor.o
LOAD bin/obj/vexbkup.o
LOAD bin/obj/vextest.o
LOAD bin/obj/robotc_glue.o
LOAD bin/obj/smartmotor.o
LOAD bin/obj/apollo.o
LOAD bin/obj/pidlib.o
LOAD bin/obj/vexgyro.o
LOAD bin/obj/vexflash.o
LOAD bin/obj/stm32_flash.o
LOAD bin/obj/vexuser.o
LOAD bin/obj/vexdefault.o
LOAD bin/obj/main.o
LOAD /usr/local/gcc-arm-none-eabi-5_2-2015q4/bin/../lib/gcc/arm-none-eabi/5.2.1/../../../../arm-none-eabi/lib/armv7-m/libm.a
START GROUP
LOAD /usr/local/gcc-arm-none-eabi-5_2-2015q4/bin/../lib/gcc/arm-none-eabi/5.2.1/armv7-m/libgcc.a
LOAD /usr/local/gcc-arm-none-eabi-5_2-2015q4/bin/../lib/gcc/arm-none-eabi/5.2.1/../../../../arm-none-eabi/lib/armv7-m/libc.a
END GROUP
                0x0000000000000400                __main_stack_size__ = 0x400
                0x0000000000000400                __process_stack_size__ = 0x400
                0x0000000020000000                __ram_start__ = ORIGIN (ram)
                0x0000000000010000                __ram_size__ = LENGTH (ram)
                0x0000000020010000                __ram_end__ = (__ram_start__ + __ram_size__)
                0x0000000000000000                . = 0x0
                0x0000000000000000                _text = .

startup         0x0000000008000000      0x130
 *(vectors)
 vectors        0x0000000008000000      0x130 bin/obj/vectors.o
                0x0000000008000000                _vectors

constructors    0x0000000008000130        0x0
                0x0000000008000130                PROVIDE (__init_array_start, .)
 *(SORT(.init_array.*))
 *(.init_array)
                0x0000000008000130                PROVIDE (__init_array_end, .)

destructors     0x0000000008000130        0x0
                0x0000000008000130                PROVIDE (__fini_array_start, .)
 *(.fini_array)
 *(SORT(.fini_array.*))
                0x0000000008000130                PROVIDE (__fini_array_end, .)

.text           0x0000000008000130     0xaf11
 *(.text.startup.*)
 .text.startup.main
                0x0000000008000130       0x60 bin/obj/main.o
                0x0000000008000130                main
 *(.text)
 .text          0x0000000008000190      0x370 /usr/local/gcc-arm-none-eabi-5_2-2015q4/bin/../lib/gcc/arm-none-eabi/5.2.1/armv7-m/libgcc.a(_arm_addsubdf3.o)
                0x0000000008000190                __aeabi_drsub
                0x0000000008000198                __subdf3
                0x0000000008000198                __aeabi_dsub
                0x000000000800019c                __aeabi_dadd
                0x000000000800019c                __adddf3
                0x0000000008000414                __aeabi_ui2d
                0x0000000008000414                __floatunsidf
                0x0000000008000434                __floatsidf
                0x0000000008000434                __aeabi_i2d
                0x0000000008000458                __extendsfdf2
                0x0000000008000458                __aeabi_f2d
                0x0000000008000494                __aeabi_ul2d
                0x0000000008000494                __floatundidf
                0x00000000080004a4                __aeabi_l2d
                0x00000000080004a4                __floatdidf
 .text          0x0000000008000500      0x424 /usr/local/gcc-arm-none-eabi-5_2-2015q4/bin/../lib/gcc/arm-none-eabi/5.2.1/armv7-m/libgcc.a(_arm_muldivdf3.o)
                0x0000000008000500                __aeabi_dmul
                0x0000000008000500                __muldf3
                0x0000000008000754                __aeabi_ddiv
                0x0000000008000754                __divdf3
 *fill*         0x0000000008000924        0xc 
 .text          0x0000000008000930      0x110 /usr/local/gcc-arm-none-eabi-5_2-2015q4/bin/../lib/gcc/arm-none-eabi/5.2.1/armv7-m/libgcc.a(_arm_cmpdf2.o)
                0x0000000008000930                __gtdf2
                0x0000000008000930                __gedf2
                0x0000000008000938                __ltdf2
                0x0000000008000938                __ledf2
                0x0000000008000940                __eqdf2
                0x0000000008000940                __nedf2
                0x0000000008000940                __cmpdf2
                0x00000000080009bc                __aeabi_cdrcmple
                0x00000000080009cc                __aeabi_cdcmple
                0x00000000080009cc                __aeabi_cdcmpeq
                0x00000000080009dc                __aeabi_dcmpeq
                0x00000000080009f0                __aeabi_dcmplt
                0x0000000008000a04                __aeabi_dcmple
                0x0000000008000a18                __aeabi_dcmpge
                0x0000000008000a2c                __aeabi_dcmpgt
 .text          0x0000000008000a40       0x50 /usr/local/gcc-arm-none-eabi-5_2-2015q4/bin/../lib/gcc/arm-none-eabi/5.2.1/armv7-m/libgcc.a(_arm_fixdfsi.o)
                0x0000000008000a40                __fixdfsi
                0x0000000008000a40                __aeabi_d2iz
 .text          0x0000000008000a90       0x40 /usr/local/gcc-arm-none-eabi-5_2-2015q4/bin/../lib/gcc/arm-none-eabi/5.2.1/armv7-m/libgcc.a(_arm_fixunsdfsi.o)
                0x0000000008000a90                __fixunsdfsi
                0x0000000008000a90                __aeabi_d2uiz
 .text          0x0000000008000ad0       0xa0 /usr/local/gcc-arm-none-eabi-5_2-2015q4/bin/../lib/gcc/arm-none-eabi/5.2.1/armv7-m/libgcc.a(_arm_truncdfsf2.o)
                0x0000000008000ad0                __aeabi_d2f
                0x0000000008000ad0                __truncdfsf2
 .text          0x0000000008000b70      0x21c /usr/local/gcc-arm-none-eabi-5_2-2015q4/bin/../lib/gcc/arm-none-eabi/5.2.1/armv7-m/libgcc.a(_arm_addsubsf3.o)
                0x0000000008000b70                __aeabi_frsub
                0x0000000008000b78                __aeabi_fsub
                0x0000000008000b78                __subsf3
                0x0000000008000b7c                __aeabi_fadd
                0x0000000008000b7c                __addsf3
                0x0000000008000cdc                __aeabi_ui2f
                0x0000000008000cdc                __floatunsisf
                0x0000000008000ce4                __floatsisf
                0x0000000008000ce4                __aeabi_i2f
                0x0000000008000d00                __aeabi_ul2f
                0x0000000008000d00                __floatundisf
                0x0000000008000d10                __aeabi_l2f
                0x0000000008000d10                __floatdisf
 *fill*         0x0000000008000d8c        0x4 
 .text          0x0000000008000d90      0x2a0 /usr/local/gcc-arm-none-eabi-5_2-2015q4/bin/../lib/gcc/arm-none-eabi/5.2.1/armv7-m/libgcc.a(_arm_muldivsf3.o)
                0x0000000008000d90                __mulsf3
                0x0000000008000d90                __aeabi_fmul
                0x0000000008000ef8                __divsf3
                0x0000000008000ef8                __aeabi_fdiv
 .text          0x0000000008001030       0xec /usr/local/gcc-arm-none-eabi-5_2-2015q4/bin/../lib/gcc/arm-none-eabi/5.2.1/armv7-m/libgcc.a(_arm_cmpsf2.o)
                0x0000000008001030                __gesf2
                0x0000000008001030                __gtsf2
                0x0000000008001038                __ltsf2
                0x0000000008001038                __lesf2
                0x0000000008001040                __nesf2
                0x0000000008001040                __eqsf2
                0x0000000008001040                __cmpsf2
                0x00000000080010a0                __aeabi_cfrcmple
                0x00000000080010a8                __aeabi_cfcmpeq
                0x00000000080010a8                __aeabi_cfcmple
                0x00000000080010b8                __aeabi_fcmpeq
                0x00000000080010cc                __aeabi_fcmplt
                0x00000000080010e0                __aeabi_fcmple
                0x00000000080010f4                __aeabi_fcmpge
                0x0000000008001108                __aeabi_fcmpgt
 *fill*         0x000000000800111c        0x4 
 .text          0x0000000008001120       0x4c /usr/local/gcc-arm-none-eabi-5_2-2015q4/bin/../lib/gcc/arm-none-eabi/5.2.1/armv7-m/libgcc.a(_arm_fixsfsi.o)
                0x0000000008001120                __fixsfsi
                0x0000000008001120                __aeabi_f2iz
 *fill*         0x000000000800116c        0x4 
 .text          0x0000000008001170       0x40 /usr/local/gcc-arm-none-eabi-5_2-2015q4/bin/../lib/gcc/arm-none-eabi/5.2.1/armv7-m/libgcc.a(_arm_fixunssfsi.o)
                0x0000000008001170                __aeabi_f2uiz
                0x0000000008001170                __fixunssfsi
 *(.text.*)
 .text.__late_init
                0x00000000080011b0        0x4 bin/obj/crt0.o
                0x00000000080011b0                __late_init
 *fill*         0x00000000080011b4        0xc 
 .text._default_exit
                0x00000000080011c0        0x4 bin/obj/crt0.o
                0x00000000080011c0                _default_exit
 *fill*         0x00000000080011c4        0xc 
 .text.ResetHandler
                0x00000000080011d0      0x104 bin/obj/crt0.o
                0x00000000080011d0                ResetHandler
 *fill*         0x00000000080012d4        0xc 
 .text._unhandled_exception
                0x00000000080012e0        0x4 bin/obj/vectors.o
                0x00000000080012e0                Vector20
                0x00000000080012e0                NMIVector
                0x00000000080012e0                Vector11C
                0x00000000080012e0                Vector8C
                0x00000000080012e0                Vector110
                0x00000000080012e0                VectorC8
                0x00000000080012e0                Vector94
                0x00000000080012e0                VectorA8
                0x00000000080012e0                VectorB4
                0x00000000080012e0                VectorEC
                0x00000000080012e0                UsageFaultVector
                0x00000000080012e0                DebugMonitorVector
                0x00000000080012e0                Vector40
                0x00000000080012e0                VectorF8
                0x00000000080012e0                PendSVVector
                0x00000000080012e0                Vector118
                0x00000000080012e0                VectorCC
                0x00000000080012e0                Vector54
                0x00000000080012e0                Vector98
                0x00000000080012e0                Vector24
                0x00000000080012e0                BusFaultVector
                0x00000000080012e0                VectorD0
                0x00000000080012e0                HardFaultVector
                0x00000000080012e0                VectorF0
                0x00000000080012e0                Vector100
                0x00000000080012e0                VectorF4
                0x00000000080012e0                MemManageVector
                0x00000000080012e0                VectorA0
                0x00000000080012e0                VectorC4
                0x00000000080012e0                Vector90
                0x00000000080012e0                Vector114
                0x00000000080012e0                Vector1C
                0x00000000080012e0                Vector48
                0x00000000080012e0                Vector4C
                0x00000000080012e0                _unhandled_exception
                0x00000000080012e0                Vector88
                0x00000000080012e0                Vector104
                0x00000000080012e0                Vector10C
                0x00000000080012e0                Vector50
                0x00000000080012e0                Vector28
                0x00000000080012e0                VectorFC
                0x00000000080012e0                Vector34
                0x00000000080012e0                VectorAC
 *fill*         0x00000000080012e4        0xc 
 .text.port_halt
                0x00000000080012f0        0x4 bin/obj/chcore.o
                0x00000000080012f0                port_halt
 *fill*         0x00000000080012f4        0xc 
 .text._port_switch_from_isr
                0x0000000008001300        0x8 bin/obj/chcore_v7m.o
                0x0000000008001300                _port_switch_from_isr
 *fill*         0x0000000008001308        0x8 
 .text.SVCallVector
                0x0000000008001310       0x14 bin/obj/chcore_v7m.o
                0x0000000008001310                SVCallVector
 *fill*         0x0000000008001324        0xc 
 .text._port_init
                0x0000000008001330       0x30 bin/obj/chcore_v7m.o
                0x0000000008001330                _port_init
 .text._port_irq_epilogue
                0x0000000008001360       0x74 bin/obj/chcore_v7m.o
                0x0000000008001360                _port_irq_epilogue
 *fill*         0x00000000080013d4        0xc 
 .text.SysTickVector
                0x00000000080013e0       0x1c bin/obj/chcore_v7m.o
                0x00000000080013e0                SysTickVector
 *fill*         0x00000000080013fc        0x4 
 .text._port_switch
                0x0000000008001400       0x10 bin/obj/chcore_v7m.o
                0x0000000008001400                _port_switch
 .text._port_thread_start
                0x0000000008001410       0x10 bin/obj/chcore_v7m.o
                0x0000000008001410                _port_thread_start
 .text.nvicEnableVector
                0x0000000008001420       0x48 bin/obj/nvic.o
                0x0000000008001420                nvicEnableVector
 *fill*         0x0000000008001468        0x8 
 .text.nvicDisableVector
                0x0000000008001470       0x40 bin/obj/nvic.o
                0x0000000008001470                nvicDisableVector
 .text.nvicSetSystemHandlerPriority
                0x00000000080014b0       0x28 bin/obj/nvic.o
                0x00000000080014b0                nvicSetSystemHandlerPriority
 *fill*         0x00000000080014d8        0x8 
 .text._idle_thread
                0x00000000080014e0       0x14 bin/obj/chsys.o
                0x00000000080014e0                _idle_thread
 *fill*         0x00000000080014f4        0xc 
 .text.chSysInit
                0x0000000008001500       0x60 bin/obj/chsys.o
                0x0000000008001500                chSysInit
 .text.chSysTimerHandlerI
                0x0000000008001560       0x58 bin/obj/chsys.o
                0x0000000008001560                chSysTimerHandlerI
 *fill*         0x00000000080015b8        0x8 
 .text._vt_init
                0x00000000080015c0       0x18 bin/obj/chvt.o
                0x00000000080015c0                _vt_init
 *fill*         0x00000000080015d8        0x8 
 .text.chVTSetI
                0x00000000080015e0       0x38 bin/obj/chvt.o
                0x00000000080015e0                chVTSetI
 *fill*         0x0000000008001618        0x8 
 .text.chVTResetI
                0x0000000008001620       0x24 bin/obj/chvt.o
                0x0000000008001620                chVTResetI
 *fill*         0x0000000008001644        0xc 
 .text.wakeup   0x0000000008001650       0x6c bin/obj/chschd.o
 *fill*         0x00000000080016bc        0x4 
 .text._scheduler_init
                0x00000000080016c0       0x14 bin/obj/chschd.o
                0x00000000080016c0                _scheduler_init
 *fill*         0x00000000080016d4        0xc 
 .text.chSchReadyI
                0x00000000080016e0       0x28 bin/obj/chschd.o
                0x00000000080016e0                chSchReadyI
 *fill*         0x0000000008001708        0x8 
 .text.chSchGoSleepS
                0x0000000008001710       0x28 bin/obj/chschd.o
                0x0000000008001710                chSchGoSleepS
 *fill*         0x0000000008001738        0x8 
 .text.chSchGoSleepTimeoutS
                0x0000000008001740       0x44 bin/obj/chschd.o
                0x0000000008001740                chSchGoSleepTimeoutS
 *fill*         0x0000000008001784        0xc 
 .text.chSchWakeupS
                0x0000000008001790       0x58 bin/obj/chschd.o
                0x0000000008001790                chSchWakeupS
 *fill*         0x00000000080017e8        0x8 
 .text.chSchDoRescheduleBehind
                0x00000000080017f0       0x40 bin/obj/chschd.o
                0x00000000080017f0                chSchDoRescheduleBehind
 .text.chSchDoRescheduleAhead
                0x0000000008001830       0x3c bin/obj/chschd.o
                0x0000000008001830                chSchDoRescheduleAhead
 *fill*         0x000000000800186c        0x4 
 .text.chSchDoReschedule
                0x0000000008001870       0x14 bin/obj/chschd.o
                0x0000000008001870                chSchDoReschedule
 *fill*         0x0000000008001884        0xc 
 .text._thread_init
                0x0000000008001890       0x44 bin/obj/chthreads.o
                0x0000000008001890                _thread_init
 *fill*         0x00000000080018d4        0xc 
 .text.chThdCreateI
                0x00000000080018e0       0x58 bin/obj/chthreads.o
                0x00000000080018e0                chThdCreateI
 *fill*         0x0000000008001938        0x8 
 .text.chThdCreateStatic
                0x0000000008001940       0x74 bin/obj/chthreads.o
                0x0000000008001940                chThdCreateStatic
 *fill*         0x00000000080019b4        0xc 
 .text.chThdSleep
                0x00000000080019c0       0x18 bin/obj/chthreads.o
                0x00000000080019c0                chThdSleep
 *fill*         0x00000000080019d8        0x8 
 .text.chThdSleepUntil
                0x00000000080019e0       0x24 bin/obj/chthreads.o
                0x00000000080019e0                chThdSleepUntil
 *fill*         0x0000000008001a04        0xc 
 .text.chThdExitS
                0x0000000008001a10       0x40 bin/obj/chthreads.o
                0x0000000008001a10                chThdExitS
 .text.chThdExit
                0x0000000008001a50        0xc bin/obj/chthreads.o
                0x0000000008001a50                chThdExit
 *fill*         0x0000000008001a5c        0x4 
 .text.chThdWait
                0x0000000008001a60       0x38 bin/obj/chthreads.o
                0x0000000008001a60                chThdWait
 *fill*         0x0000000008001a98        0x8 
 .text.chThdRelease
                0x0000000008001aa0       0x50 bin/obj/chdynamic.o
                0x0000000008001aa0                chThdRelease
 .text.chThdCreateFromHeap
                0x0000000008001af0       0x3c bin/obj/chdynamic.o
                0x0000000008001af0                chThdCreateFromHeap
 *fill*         0x0000000008001b2c        0x4 
 .text.chRegFirstThread
                0x0000000008001b30       0x1c bin/obj/chregistry.o
                0x0000000008001b30                chRegFirstThread
 *fill*         0x0000000008001b4c        0x4 
 .text.chRegNextThread
                0x0000000008001b50       0x2c bin/obj/chregistry.o
                0x0000000008001b50                chRegNextThread
 *fill*         0x0000000008001b7c        0x4 
 .text.chMtxInit
                0x0000000008001b80        0xc bin/obj/chmtx.o
                0x0000000008001b80                chMtxInit
 *fill*         0x0000000008001b8c        0x4 
 .text.chMtxLockS
                0x0000000008001b90       0xc8 bin/obj/chmtx.o
                0x0000000008001b90                chMtxLockS
 *fill*         0x0000000008001c58        0x8 
 .text.chMtxLock
                0x0000000008001c60       0x14 bin/obj/chmtx.o
                0x0000000008001c60                chMtxLock
 *fill*         0x0000000008001c74        0xc 
 .text.chMtxUnlock
                0x0000000008001c80       0x64 bin/obj/chmtx.o
                0x0000000008001c80                chMtxUnlock
 *fill*         0x0000000008001ce4        0xc 
 .text.chEvtRegisterMask
                0x0000000008001cf0       0x28 bin/obj/chevents.o
                0x0000000008001cf0                chEvtRegisterMask
 *fill*         0x0000000008001d18        0x8 
 .text.chEvtUnregister
                0x0000000008001d20       0x2c bin/obj/chevents.o
                0x0000000008001d20                chEvtUnregister
 *fill*         0x0000000008001d4c        0x4 
 .text.chEvtSignalI
                0x0000000008001d50       0x2c bin/obj/chevents.o
                0x0000000008001d50                chEvtSignalI
 *fill*         0x0000000008001d7c        0x4 
 .text.chEvtBroadcastFlagsI
                0x0000000008001d80       0x24 bin/obj/chevents.o
                0x0000000008001d80                chEvtBroadcastFlagsI
 *fill*         0x0000000008001da4        0xc 
 .text.chEvtWaitAnyTimeout
                0x0000000008001db0       0x54 bin/obj/chevents.o
                0x0000000008001db0                chEvtWaitAnyTimeout
 *fill*         0x0000000008001e04        0xc 
 .text.qwait    0x0000000008001e10       0x28 bin/obj/chqueues.o
 *fill*         0x0000000008001e38        0x8 
 .text.chIQInit
                0x0000000008001e40       0x20 bin/obj/chqueues.o
                0x0000000008001e40                chIQInit
 .text.chIQResetI
                0x0000000008001e60       0x2c bin/obj/chqueues.o
                0x0000000008001e60                chIQResetI
 *fill*         0x0000000008001e8c        0x4 
 .text.chIQPutI
                0x0000000008001e90       0x54 bin/obj/chqueues.o
                0x0000000008001e90                chIQPutI
 *fill*         0x0000000008001ee4        0xc 
 .text.chIQGetTimeout
                0x0000000008001ef0       0x50 bin/obj/chqueues.o
                0x0000000008001ef0                chIQGetTimeout
 .text.chIQReadTimeout
                0x0000000008001f40       0x70 bin/obj/chqueues.o
                0x0000000008001f40                chIQReadTimeout
 .text.chOQInit
                0x0000000008001fb0       0x1c bin/obj/chqueues.o
                0x0000000008001fb0                chOQInit
 *fill*         0x0000000008001fcc        0x4 
 .text.chOQPutTimeout
                0x0000000008001fd0       0x54 bin/obj/chqueues.o
                0x0000000008001fd0                chOQPutTimeout
 *fill*         0x0000000008002024        0xc 
 .text.chOQGetI
                0x0000000008002030       0x48 bin/obj/chqueues.o
                0x0000000008002030                chOQGetI
 *fill*         0x0000000008002078        0x8 
 .text.chOQWriteTimeout
                0x0000000008002080       0x80 bin/obj/chqueues.o
                0x0000000008002080                chOQWriteTimeout
 .text._core_init
                0x0000000008002100       0x28 bin/obj/chmemcore.o
                0x0000000008002100                _core_init
 *fill*         0x0000000008002128        0x8 
 .text.chCoreAlloc
                0x0000000008002130       0x38 bin/obj/chmemcore.o
                0x0000000008002130                chCoreAlloc
 *fill*         0x0000000008002168        0x8 
 .text.chCoreStatus
                0x0000000008002170       0x14 bin/obj/chmemcore.o
                0x0000000008002170                chCoreStatus
 *fill*         0x0000000008002184        0xc 
 .text._heap_init
                0x0000000008002190       0x1c bin/obj/chheap.o
                0x0000000008002190                _heap_init
 *fill*         0x00000000080021ac        0x4 
 .text.chHeapAlloc
                0x00000000080021b0       0x80 bin/obj/chheap.o
                0x00000000080021b0                chHeapAlloc
 .text.chHeapFree
                0x0000000008002230       0x94 bin/obj/chheap.o
                0x0000000008002230                chHeapFree
 *fill*         0x00000000080022c4        0xc 
 .text.chHeapStatus
                0x00000000080022d0       0x40 bin/obj/chheap.o
                0x00000000080022d0                chHeapStatus
 .text.chPoolFree
                0x0000000008002310       0x14 bin/obj/chmempools.o
                0x0000000008002310                chPoolFree
 *fill*         0x0000000008002324        0xc 
 .text.halInit  0x0000000008002330       0x34 bin/obj/hal.o
                0x0000000008002330                halInit
 *fill*         0x0000000008002364        0xc 
 .text.adcInit  0x0000000008002370        0x4 bin/obj/adc.o
                0x0000000008002370                adcInit
 *fill*         0x0000000008002374        0xc 
 .text.adcObjectInit
                0x0000000008002380       0x18 bin/obj/adc.o
                0x0000000008002380                adcObjectInit
 *fill*         0x0000000008002398        0x8 
 .text.adcStart
                0x00000000080023a0       0x1c bin/obj/adc.o
                0x00000000080023a0                adcStart
 *fill*         0x00000000080023bc        0x4 
 .text.adcStartConversion
                0x00000000080023c0       0x20 bin/obj/adc.o
                0x00000000080023c0                adcStartConversion
 .text.extInit  0x00000000080023e0        0x4 bin/obj/ext.o
                0x00000000080023e0                extInit
 *fill*         0x00000000080023e4        0xc 
 .text.extObjectInit
                0x00000000080023f0        0xc bin/obj/ext.o
                0x00000000080023f0                extObjectInit
 *fill*         0x00000000080023fc        0x4 
 .text.extStart
                0x0000000008002400       0x1c bin/obj/ext.o
                0x0000000008002400                extStart
 *fill*         0x000000000800241c        0x4 
 .text.extChannelEnable
                0x0000000008002420       0x14 bin/obj/ext.o
                0x0000000008002420                extChannelEnable
 *fill*         0x0000000008002434        0xc 
 .text.gptInit  0x0000000008002440        0x4 bin/obj/gpt.o
                0x0000000008002440                gptInit
 *fill*         0x0000000008002444        0xc 
 .text.gptObjectInit
                0x0000000008002450        0xc bin/obj/gpt.o
                0x0000000008002450                gptObjectInit
 *fill*         0x000000000800245c        0x4 
 .text.gptStart
                0x0000000008002460       0x1c bin/obj/gpt.o
                0x0000000008002460                gptStart
 *fill*         0x000000000800247c        0x4 
 .text.gptStartOneShot
                0x0000000008002480       0x18 bin/obj/gpt.o
                0x0000000008002480                gptStartOneShot
 *fill*         0x0000000008002498        0x8 
 .text.gptStartOneShotI
                0x00000000080024a0        0x8 bin/obj/gpt.o
                0x00000000080024a0                gptStartOneShotI
 *fill*         0x00000000080024a8        0x8 
 .text.i2cInit  0x00000000080024b0        0x4 bin/obj/i2c.o
                0x00000000080024b0                i2cInit
 *fill*         0x00000000080024b4        0xc 
 .text.i2cObjectInit
                0x00000000080024c0       0x10 bin/obj/i2c.o
                0x00000000080024c0                i2cObjectInit
 .text.i2cStart
                0x00000000080024d0       0x1c bin/obj/i2c.o
                0x00000000080024d0                i2cStart
 *fill*         0x00000000080024ec        0x4 
 .text.i2cStop  0x00000000080024f0       0x1c bin/obj/i2c.o
                0x00000000080024f0                i2cStop
 *fill*         0x000000000800250c        0x4 
 .text.i2cGetErrors
                0x0000000008002510        0x4 bin/obj/i2c.o
                0x0000000008002510                i2cGetErrors
 *fill*         0x0000000008002514        0xc 
 .text.i2cMasterTransmitTimeout
                0x0000000008002520       0x44 bin/obj/i2c.o
                0x0000000008002520                i2cMasterTransmitTimeout
 *fill*         0x0000000008002564        0xc 
 .text.i2cAcquireBus
                0x0000000008002570        0x8 bin/obj/i2c.o
                0x0000000008002570                i2cAcquireBus
 *fill*         0x0000000008002578        0x8 
 .text.i2cReleaseBus
                0x0000000008002580        0x4 bin/obj/i2c.o
                0x0000000008002580                i2cReleaseBus
 *fill*         0x0000000008002584        0xc 
 .text.readt    0x0000000008002590        0x8 bin/obj/serial.o
 *fill*         0x0000000008002598        0x8 
 .text.read     0x00000000080025a0        0xc bin/obj/serial.o
 *fill*         0x00000000080025ac        0x4 
 .text.writet   0x00000000080025b0        0x8 bin/obj/serial.o
 *fill*         0x00000000080025b8        0x8 
 .text.write    0x00000000080025c0        0xc bin/obj/serial.o
 *fill*         0x00000000080025cc        0x4 
 .text.gett     0x00000000080025d0        0x8 bin/obj/serial.o
 *fill*         0x00000000080025d8        0x8 
 .text.get      0x00000000080025e0        0xc bin/obj/serial.o
 *fill*         0x00000000080025ec        0x4 
 .text.putt     0x00000000080025f0        0x8 bin/obj/serial.o
 *fill*         0x00000000080025f8        0x8 
 .text.put      0x0000000008002600        0xc bin/obj/serial.o
 *fill*         0x000000000800260c        0x4 
 .text.sdInit   0x0000000008002610        0x4 bin/obj/serial.o
                0x0000000008002610                sdInit
 *fill*         0x0000000008002614        0xc 
 .text.sdObjectInit
                0x0000000008002620       0x40 bin/obj/serial.o
                0x0000000008002620                sdObjectInit
 .text.sdStart  0x0000000008002660       0x1c bin/obj/serial.o
                0x0000000008002660                sdStart
 *fill*         0x000000000800267c        0x4 
 .text.sdIncomingDataI
                0x0000000008002680       0x3c bin/obj/serial.o
                0x0000000008002680                sdIncomingDataI
 *fill*         0x00000000080026bc        0x4 
 .text.spiInit  0x00000000080026c0        0x4 bin/obj/spi.o
                0x00000000080026c0                spiInit
 *fill*         0x00000000080026c4        0xc 
 .text.spiObjectInit
                0x00000000080026d0       0x10 bin/obj/spi.o
                0x00000000080026d0                spiObjectInit
 .text.spiStart
                0x00000000080026e0       0x1c bin/obj/spi.o
                0x00000000080026e0                spiStart
 *fill*         0x00000000080026fc        0x4 
 .text.tm_start
                0x0000000008002700        0xc bin/obj/tm.o
 *fill*         0x000000000800270c        0x4 
 .text.tm_stop  0x0000000008002710       0x2c bin/obj/tm.o
 *fill*         0x000000000800273c        0x4 
 .text.tmInit   0x0000000008002740       0x40 bin/obj/tm.o
                0x0000000008002740                tmInit
 .text.Vector6C
                0x0000000008002780       0x28 bin/obj/stm32_dma.o
                0x0000000008002780                Vector6C
 *fill*         0x00000000080027a8        0x8 
 .text.Vector70
                0x00000000080027b0       0x28 bin/obj/stm32_dma.o
                0x00000000080027b0                Vector70
 *fill*         0x00000000080027d8        0x8 
 .text.Vector74
                0x00000000080027e0       0x28 bin/obj/stm32_dma.o
                0x00000000080027e0                Vector74
 *fill*         0x0000000008002808        0x8 
 .text.Vector78
                0x0000000008002810       0x28 bin/obj/stm32_dma.o
                0x0000000008002810                Vector78
 *fill*         0x0000000008002838        0x8 
 .text.Vector7C
                0x0000000008002840       0x28 bin/obj/stm32_dma.o
                0x0000000008002840                Vector7C
 *fill*         0x0000000008002868        0x8 
 .text.Vector80
                0x0000000008002870       0x28 bin/obj/stm32_dma.o
                0x0000000008002870                Vector80
 *fill*         0x0000000008002898        0x8 
 .text.Vector84
                0x00000000080028a0       0x28 bin/obj/stm32_dma.o
                0x00000000080028a0                Vector84
 *fill*         0x00000000080028c8        0x8 
 .text.Vector120
                0x00000000080028d0       0x28 bin/obj/stm32_dma.o
                0x00000000080028d0                Vector120
 *fill*         0x00000000080028f8        0x8 
 .text.Vector124
                0x0000000008002900       0x28 bin/obj/stm32_dma.o
                0x0000000008002900                Vector124
 *fill*         0x0000000008002928        0x8 
 .text.Vector128
                0x0000000008002930       0x28 bin/obj/stm32_dma.o
                0x0000000008002930                Vector128
 *fill*         0x0000000008002958        0x8 
 .text.Vector12C
                0x0000000008002960       0x44 bin/obj/stm32_dma.o
                0x0000000008002960                Vector12C
 *fill*         0x00000000080029a4        0xc 
 .text.dmaInit  0x00000000080029b0       0x4c bin/obj/stm32_dma.o
                0x00000000080029b0                dmaInit
 *fill*         0x00000000080029fc        0x4 
 .text.dmaStreamAllocate
                0x0000000008002a00       0x80 bin/obj/stm32_dma.o
                0x0000000008002a00                dmaStreamAllocate
 .text.dmaStreamRelease
                0x0000000008002a80       0x44 bin/obj/stm32_dma.o
                0x0000000008002a80                dmaStreamRelease
 *fill*         0x0000000008002ac4        0xc 
 .text.hal_lld_init
                0x0000000008002ad0       0x70 bin/obj/hal_lld.o
                0x0000000008002ad0                hal_lld_init
 .text.stm32_clock_init
                0x0000000008002b40       0x88 bin/obj/hal_lld.o
                0x0000000008002b40                stm32_clock_init
 *fill*         0x0000000008002bc8        0x8 
 .text.adc_lld_serve_rx_interrupt
                0x0000000008002bd0      0x108 bin/obj/adc_lld.o
 *fill*         0x0000000008002cd8        0x8 
 .text.adc_lld_init
                0x0000000008002ce0       0x68 bin/obj/adc_lld.o
                0x0000000008002ce0                adc_lld_init
 *fill*         0x0000000008002d48        0x8 
 .text.adc_lld_start
                0x0000000008002d50       0x4c bin/obj/adc_lld.o
                0x0000000008002d50                adc_lld_start
 *fill*         0x0000000008002d9c        0x4 
 .text.adc_lld_start_conversion
                0x0000000008002da0       0x74 bin/obj/adc_lld.o
                0x0000000008002da0                adc_lld_start_conversion
 *fill*         0x0000000008002e14        0xc 
 .text.Vector58
                0x0000000008002e20       0x24 bin/obj/ext_lld_isr.o
                0x0000000008002e20                Vector58
 *fill*         0x0000000008002e44        0xc 
 .text.Vector5C
                0x0000000008002e50       0x24 bin/obj/ext_lld_isr.o
                0x0000000008002e50                Vector5C
 *fill*         0x0000000008002e74        0xc 
 .text.Vector60
                0x0000000008002e80       0x24 bin/obj/ext_lld_isr.o
                0x0000000008002e80                Vector60
 *fill*         0x0000000008002ea4        0xc 
 .text.Vector64
                0x0000000008002eb0       0x24 bin/obj/ext_lld_isr.o
                0x0000000008002eb0                Vector64
 *fill*         0x0000000008002ed4        0xc 
 .text.Vector68
                0x0000000008002ee0       0x24 bin/obj/ext_lld_isr.o
                0x0000000008002ee0                Vector68
 *fill*         0x0000000008002f04        0xc 
 .text.Vector9C
                0x0000000008002f10       0x6c bin/obj/ext_lld_isr.o
                0x0000000008002f10                Vector9C
 *fill*         0x0000000008002f7c        0x4 
 .text.VectorE0
                0x0000000008002f80       0x7c bin/obj/ext_lld_isr.o
                0x0000000008002f80                VectorE0
 *fill*         0x0000000008002ffc        0x4 
 .text.Vector44
                0x0000000008003000       0x28 bin/obj/ext_lld_isr.o
                0x0000000008003000                Vector44
 *fill*         0x0000000008003028        0x8 
 .text.VectorE4
                0x0000000008003030       0x28 bin/obj/ext_lld_isr.o
                0x0000000008003030                VectorE4
 *fill*         0x0000000008003058        0x8 
 .text.VectorE8
                0x0000000008003060       0x28 bin/obj/ext_lld_isr.o
                0x0000000008003060                VectorE8
 *fill*         0x0000000008003088        0x8 
 .text.ext_lld_exti_irq_enable
                0x0000000008003090       0x58 bin/obj/ext_lld_isr.o
                0x0000000008003090                ext_lld_exti_irq_enable
 *fill*         0x00000000080030e8        0x8 
 .text.ext_lld_init
                0x00000000080030f0        0xc bin/obj/ext_lld.o
                0x00000000080030f0                ext_lld_init
 *fill*         0x00000000080030fc        0x4 
 .text.ext_lld_channel_enable
                0x0000000008003100       0x98 bin/obj/ext_lld.o
                0x0000000008003100                ext_lld_channel_enable
 *fill*         0x0000000008003198        0x8 
 .text.ext_lld_start
                0x00000000080031a0       0x64 bin/obj/ext_lld.o
                0x00000000080031a0                ext_lld_start
 *fill*         0x0000000008003204        0xc 
 .text._pal_lld_init
                0x0000000008003210       0x94 bin/obj/pal_lld.o
                0x0000000008003210                _pal_lld_init
 *fill*         0x00000000080032a4        0xc 
 .text._pal_lld_setgroupmode
                0x00000000080032b0       0x68 bin/obj/pal_lld.o
                0x00000000080032b0                _pal_lld_setgroupmode
 *fill*         0x0000000008003318        0x8 
 .text.i2c_lld_abort_operation
                0x0000000008003320       0x44 bin/obj/i2c_lld.o
 *fill*         0x0000000008003364        0xc 
 .text.i2c_lld_safety_timeout
                0x0000000008003370       0x2c bin/obj/i2c_lld.o
 *fill*         0x000000000800339c        0x4 
 .text.i2c_lld_serve_tx_end_irq
                0x00000000080033a0       0x30 bin/obj/i2c_lld.o
 .text.i2c_lld_serve_rx_end_irq
                0x00000000080033d0       0x68 bin/obj/i2c_lld.o
 *fill*         0x0000000008003438        0x8 
 .text.VectorBC
                0x0000000008003440      0x110 bin/obj/i2c_lld.o
                0x0000000008003440                VectorBC
 .text.VectorC0
                0x0000000008003550       0xe8 bin/obj/i2c_lld.o
                0x0000000008003550                VectorC0
 *fill*         0x0000000008003638        0x8 
 .text.i2c_lld_init
                0x0000000008003640       0x2c bin/obj/i2c_lld.o
                0x0000000008003640                i2c_lld_init
 *fill*         0x000000000800366c        0x4 
 .text.i2c_lld_start
                0x0000000008003670      0x160 bin/obj/i2c_lld.o
                0x0000000008003670                i2c_lld_start
 .text.i2c_lld_stop
                0x00000000080037d0       0x44 bin/obj/i2c_lld.o
                0x00000000080037d0                i2c_lld_stop
 *fill*         0x0000000008003814        0xc 
 .text.i2c_lld_master_transmit_timeout
                0x0000000008003820       0xf8 bin/obj/i2c_lld.o
                0x0000000008003820                i2c_lld_master_transmit_timeout
 *fill*         0x0000000008003918        0x8 
 .text.spi_lld_serve_tx_interrupt
                0x0000000008003920        0xc bin/obj/spi_lld.o
 *fill*         0x000000000800392c        0x4 
 .text.spi_lld_serve_rx_interrupt
                0x0000000008003930       0x74 bin/obj/spi_lld.o
 *fill*         0x00000000080039a4        0xc 
 .text.spi_lld_init
                0x00000000080039b0       0x40 bin/obj/spi_lld.o
                0x00000000080039b0                spi_lld_init
 .text.spi_lld_start
                0x00000000080039f0       0x98 bin/obj/spi_lld.o
                0x00000000080039f0                spi_lld_start
 *fill*         0x0000000008003a88        0x8 
 .text.spi_lld_select
                0x0000000008003a90       0x10 bin/obj/spi_lld.o
                0x0000000008003a90                spi_lld_select
 .text.spi_lld_unselect
                0x0000000008003aa0       0x10 bin/obj/spi_lld.o
                0x0000000008003aa0                spi_lld_unselect
 .text.spi_lld_polled_exchange
                0x0000000008003ab0       0x10 bin/obj/spi_lld.o
                0x0000000008003ab0                spi_lld_polled_exchange
 .text.VectorA4
                0x0000000008003ac0       0x34 bin/obj/gpt_lld.o
                0x0000000008003ac0                VectorA4
 *fill*         0x0000000008003af4        0xc 
 .text.VectorB0
                0x0000000008003b00       0x34 bin/obj/gpt_lld.o
                0x0000000008003b00                VectorB0
 *fill*         0x0000000008003b34        0xc 
 .text.Vector108
                0x0000000008003b40       0x34 bin/obj/gpt_lld.o
                0x0000000008003b40                Vector108
 *fill*         0x0000000008003b74        0xc 
 .text.gpt_lld_init
                0x0000000008003b80       0x40 bin/obj/gpt_lld.o
                0x0000000008003b80                gpt_lld_init
 .text.gpt_lld_start
                0x0000000008003bc0       0xb4 bin/obj/gpt_lld.o
                0x0000000008003bc0                gpt_lld_start
 *fill*         0x0000000008003c74        0xc 
 .text.gpt_lld_start_timer
                0x0000000008003c80       0x1c bin/obj/gpt_lld.o
                0x0000000008003c80                gpt_lld_start_timer
 *fill*         0x0000000008003c9c        0x4 
 .text.notify1  0x0000000008003ca0       0x14 bin/obj/serial_lld.o
 *fill*         0x0000000008003cb4        0xc 
 .text.notify2  0x0000000008003cc0       0x14 bin/obj/serial_lld.o
 *fill*         0x0000000008003cd4        0xc 
 .text.notify3  0x0000000008003ce0       0x14 bin/obj/serial_lld.o
 *fill*         0x0000000008003cf4        0xc 
 .text.serve_interrupt
                0x0000000008003d00       0xf0 bin/obj/serial_lld.o
 .text.VectorD4
                0x0000000008003df0       0x14 bin/obj/serial_lld.o
                0x0000000008003df0                VectorD4
 *fill*         0x0000000008003e04        0xc 
 .text.VectorD8
                0x0000000008003e10       0x14 bin/obj/serial_lld.o
                0x0000000008003e10                VectorD8
 *fill*         0x0000000008003e24        0xc 
 .text.VectorDC
                0x0000000008003e30       0x14 bin/obj/serial_lld.o
                0x0000000008003e30                VectorDC
 *fill*         0x0000000008003e44        0xc 
 .text.sd_lld_init
                0x0000000008003e50       0x60 bin/obj/serial_lld.o
                0x0000000008003e50                sd_lld_init
 .text.sd_lld_start
                0x0000000008003eb0       0xc4 bin/obj/serial_lld.o
                0x0000000008003eb0                sd_lld_start
 *fill*         0x0000000008003f74        0xc 
 .text.__early_init
                0x0000000008003f80        0x4 bin/obj/board.o
                0x0000000008003f80                __early_init
 *fill*         0x0000000008003f84        0xc 
 .text.boardInit
                0x0000000008003f90       0x10 bin/obj/board.o
                0x0000000008003f90                boardInit
 .text.ltoa     0x0000000008003fa0       0x44 bin/obj/chprintf.o
 *fill*         0x0000000008003fe4        0xc 
 .text.chvprintf
                0x0000000008003ff0      0x2c4 bin/obj/chprintf.o
                0x0000000008003ff0                chvprintf
 *fill*         0x00000000080042b4        0xc 
 .text.cmd_flags
                0x00000000080042c0       0xf4 bin/obj/vexshell.o
 *fill*         0x00000000080043b4        0xc 
 .text.cmd_systime
                0x00000000080043c0       0x28 bin/obj/vexshell.o
 *fill*         0x00000000080043e8        0x8 
 .text.cmd_info
                0x00000000080043f0       0xf4 bin/obj/vexshell.o
 *fill*         0x00000000080044e4        0xc 
 .text.cmd_reboot
                0x00000000080044f0       0x40 bin/obj/vexshell.o
 .text.cmd_threads
                0x0000000008004530       0x88 bin/obj/vexshell.o
 *fill*         0x00000000080045b8        0x8 
 .text.cmd_mem  0x00000000080045c0       0x78 bin/obj/vexshell.o
 *fill*         0x0000000008004638        0x8 
 .text._strtok.constprop.5
                0x0000000008004640       0x40 bin/obj/vexshell.o
 .text.shellInit
                0x0000000008004680        0xc bin/obj/vexshell.o
                0x0000000008004680                shellInit
 *fill*         0x000000000800468c        0x4 
 .text.shellCreate
                0x0000000008004690       0x18 bin/obj/vexshell.o
                0x0000000008004690                shellCreate
 *fill*         0x00000000080046a8        0x8 
 .text.shellGetLine
                0x00000000080046b0      0x1d0 bin/obj/vexshell.o
                0x00000000080046b0                shellGetLine
 .text.shell_thread
                0x0000000008004880      0x1f4 bin/obj/vexshell.o
 *fill*         0x0000000008004a74        0xc 
 .text.vexCortexMonitorTask
                0x0000000008004a80      0x14c bin/obj/vexcortex.o
 *fill*         0x0000000008004bcc        0x4 
 .text.vexCortexSystemTask
                0x0000000008004bd0       0x50 bin/obj/vexcortex.o
 .text.vexTaskRegisterPersistant
                0x0000000008004c20       0x6c bin/obj/vexcortex.o
                0x0000000008004c20                vexTaskRegisterPersistant
 *fill*         0x0000000008004c8c        0x4 
 .text.vexTaskRegister
                0x0000000008004c90        0x8 bin/obj/vexcortex.o
                0x0000000008004c90                vexTaskRegister
 *fill*         0x0000000008004c98        0x8 
 .text.vexSleep
                0x0000000008004ca0       0xb8 bin/obj/vexcortex.o
                0x0000000008004ca0                vexSleep
 *fill*         0x0000000008004d58        0x8 
 .text.vexCortexInit
                0x0000000008004d60       0xec bin/obj/vexcortex.o
                0x0000000008004d60                vexCortexInit
 *fill*         0x0000000008004e4c        0x4 
 .text.vexConsoleInit
                0x0000000008004e50       0x10 bin/obj/vexcortex.o
                0x0000000008004e50                vexConsoleInit
 .text._vi_cb   0x0000000008004e60       0x44 bin/obj/vexdigital.o
 *fill*         0x0000000008004ea4        0xc 
 .text.vexDigitalModeSet
                0x0000000008004eb0       0x3c bin/obj/vexdigital.o
                0x0000000008004eb0                vexDigitalModeSet
 *fill*         0x0000000008004eec        0x4 
 .text.vexDigitalPinSet
                0x0000000008004ef0       0x30 bin/obj/vexdigital.o
                0x0000000008004ef0                vexDigitalPinSet
 .text.vexDigitalPinGet
                0x0000000008004f20       0x28 bin/obj/vexdigital.o
                0x0000000008004f20                vexDigitalPinGet
 *fill*         0x0000000008004f48        0x8 
 .text.vexDigitalIntrSet
                0x0000000008004f50       0x74 bin/obj/vexdigital.o
                0x0000000008004f50                vexDigitalIntrSet
 *fill*         0x0000000008004fc4        0xc 
 .text.vexDigitalIntrRun
                0x0000000008004fd0       0x30 bin/obj/vexdigital.o
                0x0000000008004fd0                vexDigitalIntrRun
 .text.vexDigitalIntrCountGet
                0x0000000008005000       0x1c bin/obj/vexdigital.o
                0x0000000008005000                vexDigitalIntrCountGet
 *fill*         0x000000000800501c        0x4 
 .text.vexDigitalConfigure
                0x0000000008005020      0x128 bin/obj/vexconfig.o
                0x0000000008005020                vexDigitalConfigure
 *fill*         0x0000000008005148        0x8 
 .text.vexDigitalTypeGet
                0x0000000008005150       0x1c bin/obj/vexconfig.o
                0x0000000008005150                vexDigitalTypeGet
 *fill*         0x000000000800516c        0x4 
 .text.vexDigitalTypeGetName
                0x0000000008005170       0xac bin/obj/vexconfig.o
                0x0000000008005170                vexDigitalTypeGetName
 *fill*         0x000000000800521c        0x4 
 .text.vexDigitalChannelGet
                0x0000000008005220       0x1c bin/obj/vexconfig.o
                0x0000000008005220                vexDigitalChannelGet
 *fill*         0x000000000800523c        0x4 
 .text.vexDigitalCfgGet
                0x0000000008005240       0x1c bin/obj/vexconfig.o
                0x0000000008005240                vexDigitalCfgGet
 *fill*         0x000000000800525c        0x4 
 .text.vexMotorConfigure
                0x0000000008005260       0xd4 bin/obj/vexconfig.o
                0x0000000008005260                vexMotorConfigure
 *fill*         0x0000000008005334        0xc 
 .text.vexExtSet
                0x0000000008005340       0x54 bin/obj/vexext.o
                0x0000000008005340                vexExtSet
 *fill*         0x0000000008005394        0xc 
 .text.vexExtIrqInit
                0x00000000080053a0       0x10 bin/obj/vexext.o
                0x00000000080053a0                vexExtIrqInit
 .text._vqe_1_cb_a
                0x00000000080053b0       0x44 bin/obj/vexencoder.o
 *fill*         0x00000000080053f4        0xc 
 .text._vqe_1_cb_b
                0x0000000008005400       0x44 bin/obj/vexencoder.o
 *fill*         0x0000000008005444        0xc 
 .text._vqe_2_cb_a
                0x0000000008005450       0x44 bin/obj/vexencoder.o
 *fill*         0x0000000008005494        0xc 
 .text._vqe_2_cb_b
                0x00000000080054a0       0x44 bin/obj/vexencoder.o
 *fill*         0x00000000080054e4        0xc 
 .text._vqe_3_cb_a
                0x00000000080054f0       0x44 bin/obj/vexencoder.o
 *fill*         0x0000000008005534        0xc 
 .text._vqe_3_cb_b
                0x0000000008005540       0x44 bin/obj/vexencoder.o
 *fill*         0x0000000008005584        0xc 
 .text._vqe_4_cb_a
                0x0000000008005590       0x44 bin/obj/vexencoder.o
 *fill*         0x00000000080055d4        0xc 
 .text._vqe_4_cb_b
                0x00000000080055e0       0x44 bin/obj/vexencoder.o
 *fill*         0x0000000008005624        0xc 
 .text._vqe_5_cb_a
                0x0000000008005630       0x44 bin/obj/vexencoder.o
 *fill*         0x0000000008005674        0xc 
 .text._vqe_5_cb_b
                0x0000000008005680       0x44 bin/obj/vexencoder.o
 *fill*         0x00000000080056c4        0xc 
 .text.vexEncoderInit
                0x00000000080056d0       0x2c bin/obj/vexencoder.o
                0x00000000080056d0                vexEncoderInit
 *fill*         0x00000000080056fc        0x4 
 .text.vexEncoderAdd
                0x0000000008005700       0xac bin/obj/vexencoder.o
                0x0000000008005700                vexEncoderAdd
 *fill*         0x00000000080057ac        0x4 
 .text.vexEncoderStart
                0x00000000080057b0       0x38 bin/obj/vexencoder.o
                0x00000000080057b0                vexEncoderStart
 *fill*         0x00000000080057e8        0x8 
 .text.vexEncoderStartAll
                0x00000000080057f0       0x14 bin/obj/vexencoder.o
                0x00000000080057f0                vexEncoderStartAll
 *fill*         0x0000000008005804        0xc 
 .text.vexEncoderGet
                0x0000000008005810       0x20 bin/obj/vexencoder.o
                0x0000000008005810                vexEncoderGet
 .text.vexEncoderSet
                0x0000000008005830       0x1c bin/obj/vexencoder.o
                0x0000000008005830                vexEncoderSet
 *fill*         0x000000000800584c        0x4 
 .text.vexEncoderGetId
                0x0000000008005850       0x24 bin/obj/vexencoder.o
                0x0000000008005850                vexEncoderGetId
 *fill*         0x0000000008005874        0xc 
 .text.vexEncoderDebug
                0x0000000008005880       0x38 bin/obj/vexencoder.o
                0x0000000008005880                vexEncoderDebug
 *fill*         0x00000000080058b8        0x8 
 .text._vs_echo_cb
                0x00000000080058c0       0x5c bin/obj/vexsonar.o
 *fill*         0x000000000800591c        0x4 
 .text._vs_gpt_cb
                0x0000000008005920       0x74 bin/obj/vexsonar.o
 *fill*         0x0000000008005994        0xc 
 .text.vexSonarAdd
                0x00000000080059a0       0x74 bin/obj/vexsonar.o
                0x00000000080059a0                vexSonarAdd
 *fill*         0x0000000008005a14        0xc 
 .text.vexSonarStartAll
                0x0000000008005a20       0x2c bin/obj/vexsonar.o
                0x0000000008005a20                vexSonarStartAll
 *fill*         0x0000000008005a4c        0x4 
 .text.vexSonarRun
                0x0000000008005a50       0x4c bin/obj/vexsonar.o
                0x0000000008005a50                vexSonarRun
 *fill*         0x0000000008005a9c        0x4 
 .text.vexSonarPing
                0x0000000008005aa0       0x3c bin/obj/vexsonar.o
                0x0000000008005aa0                vexSonarPing
 *fill*         0x0000000008005adc        0x4 
 .text.VexSonarTask
                0x0000000008005ae0       0xf8 bin/obj/vexsonar.o
 *fill*         0x0000000008005bd8        0x8 
 .text.vexSonarGetCm
                0x0000000008005be0       0x1c bin/obj/vexsonar.o
                0x0000000008005be0                vexSonarGetCm
 *fill*         0x0000000008005bfc        0x4 
 .text.vexSonarGetInch
                0x0000000008005c00       0x1c bin/obj/vexsonar.o
                0x0000000008005c00                vexSonarGetInch
 *fill*         0x0000000008005c1c        0x4 
 .text.vexSonarDebug
                0x0000000008005c20       0x50 bin/obj/vexsonar.o
                0x0000000008005c20                vexSonarDebug
 .text.vexMotorPositionGet.part.1
                0x0000000008005c70       0x38 bin/obj/vexmotor.o
 *fill*         0x0000000008005ca8        0x8 
 .text.vexMotorSet
                0x0000000008005cb0       0x28 bin/obj/vexmotor.o
                0x0000000008005cb0                vexMotorSet
 *fill*         0x0000000008005cd8        0x8 
 .text.vexMotorGet
                0x0000000008005ce0       0x20 bin/obj/vexmotor.o
                0x0000000008005ce0                vexMotorGet
 .text.vexMotorStopAll
                0x0000000008005d00       0x1c bin/obj/vexmotor.o
                0x0000000008005d00                vexMotorStopAll
 *fill*         0x0000000008005d1c        0x4 
 .text.vexMotorTypeSet
                0x0000000008005d20       0x18 bin/obj/vexmotor.o
                0x0000000008005d20                vexMotorTypeSet
 *fill*         0x0000000008005d38        0x8 
 .text.vexMotorTypeGet
                0x0000000008005d40       0x1c bin/obj/vexmotor.o
                0x0000000008005d40                vexMotorTypeGet
 *fill*         0x0000000008005d5c        0x4 
 .text.vexMotorDirectionSet
                0x0000000008005d60       0x18 bin/obj/vexmotor.o
                0x0000000008005d60                vexMotorDirectionSet
 *fill*         0x0000000008005d78        0x8 
 .text.vexMotorDirectionGet
                0x0000000008005d80       0x1c bin/obj/vexmotor.o
                0x0000000008005d80                vexMotorDirectionGet
 *fill*         0x0000000008005d9c        0x4 
 .text.vexMotorPositionGet
                0x0000000008005da0       0x10 bin/obj/vexmotor.o
                0x0000000008005da0                vexMotorPositionGet
 .text.vexMotorPositionGetCallback
                0x0000000008005db0       0x1c bin/obj/vexmotor.o
                0x0000000008005db0                vexMotorPositionGetCallback
 *fill*         0x0000000008005dcc        0x4 
 .text.vexMotorPositionSetCallback
                0x0000000008005dd0       0x1c bin/obj/vexmotor.o
                0x0000000008005dd0                vexMotorPositionSetCallback
 *fill*         0x0000000008005dec        0x4 
 .text.vexMotorEncoderIdCallback
                0x0000000008005df0       0x1c bin/obj/vexmotor.o
                0x0000000008005df0                vexMotorEncoderIdCallback
 *fill*         0x0000000008005e0c        0x4 
 .text.vexMotorEncoderIdGet
                0x0000000008005e10       0x24 bin/obj/vexmotor.o
                0x0000000008005e10                vexMotorEncoderIdGet
 *fill*         0x0000000008005e34        0xc 
 .text.vexMotorDebug
                0x0000000008005e40       0xe8 bin/obj/vexmotor.o
                0x0000000008005e40                vexMotorDebug
 *fill*         0x0000000008005f28        0x8 
 .text._vexMotorPwmInit
                0x0000000008005f30      0x140 bin/obj/vexmotor.o
                0x0000000008005f30                _vexMotorPwmInit
 .text.vexMotorInit
                0x0000000008006070       0x3c bin/obj/vexmotor.o
                0x0000000008006070                vexMotorInit
 *fill*         0x00000000080060ac        0x4 
 .text._vexMotorPwmSet_0
                0x00000000080060b0       0x58 bin/obj/vexmotor.o
                0x00000000080060b0                _vexMotorPwmSet_0
 *fill*         0x0000000008006108        0x8 
 .text._vexMotorPwmSet_9
                0x0000000008006110       0x64 bin/obj/vexmotor.o
                0x0000000008006110                _vexMotorPwmSet_9
 *fill*         0x0000000008006174        0xc 
 .text.VectorB8
                0x0000000008006180      0x120 bin/obj/vexmotor.o
                0x0000000008006180                VectorB8
 .text._vspi_gpt_cb
                0x00000000080062a0       0x24 bin/obj/vexspi.o
 *fill*         0x00000000080062c4        0xc 
 .text.chprintf
                0x00000000080062d0       0x20 bin/obj/vexspi.o
 .text.vexSpiInit
                0x00000000080062f0       0x54 bin/obj/vexspi.o
                0x00000000080062f0                vexSpiInit
 *fill*         0x0000000008006344        0xc 
 .text.vexSpiGetOnlineStatus
                0x0000000008006350        0xc bin/obj/vexspi.o
                0x0000000008006350                vexSpiGetOnlineStatus
 *fill*         0x000000000800635c        0x4 
 .text.vexSpiGetJoystickDataPtr
                0x0000000008006360       0x14 bin/obj/vexspi.o
                0x0000000008006360                vexSpiGetJoystickDataPtr
 *fill*         0x0000000008006374        0xc 
 .text.vexSpiGetControl
                0x0000000008006380        0xc bin/obj/vexspi.o
                0x0000000008006380                vexSpiGetControl
 *fill*         0x000000000800638c        0x4 
 .text.vexSpiGetMainBattery
                0x0000000008006390       0x18 bin/obj/vexspi.o
                0x0000000008006390                vexSpiGetMainBattery
 *fill*         0x00000000080063a8        0x8 
 .text.vexSpiGetBackupBattery
                0x00000000080063b0       0x18 bin/obj/vexspi.o
                0x00000000080063b0                vexSpiGetBackupBattery
 *fill*         0x00000000080063c8        0x8 
 .text.vexSpiSetMotor
                0x00000000080063d0       0x2c bin/obj/vexspi.o
                0x00000000080063d0                vexSpiSetMotor
 *fill*         0x00000000080063fc        0x4 
 .text.vexSpiTickDelay
                0x0000000008006400       0x34 bin/obj/vexspi.o
                0x0000000008006400                vexSpiTickDelay
 *fill*         0x0000000008006434        0xc 
 .text.vexSpiSend
                0x0000000008006440      0x138 bin/obj/vexspi.o
                0x0000000008006440                vexSpiSend
 *fill*         0x0000000008006578        0x8 
 .text.vexSpiDebug
                0x0000000008006580      0x170 bin/obj/vexspi.o
                0x0000000008006580                vexSpiDebug
 .text.vexLcdSet.part.0
                0x00000000080066f0       0x24 bin/obj/vexlcd.o
 *fill*         0x0000000008006714        0xc 
 .text.vexLcdSendMessage.part.2
                0x0000000008006720       0x9c bin/obj/vexlcd.o
 *fill*         0x00000000080067bc        0x4 
 .text.vexLcdInit
                0x00000000080067c0       0xb8 bin/obj/vexlcd.o
                0x00000000080067c0                vexLcdInit
 *fill*         0x0000000008006878        0x8 
 .text.vexLcdPrintf
                0x0000000008006880       0x44 bin/obj/vexlcd.o
                0x0000000008006880                vexLcdPrintf
 *fill*         0x00000000080068c4        0xc 
 .text.vexLcdCheckReceiveMessage
                0x00000000080068d0       0x7c bin/obj/vexlcd.o
                0x00000000080068d0                vexLcdCheckReceiveMessage
 *fill*         0x000000000800694c        0x4 
 .text.VexLcdUpdate
                0x0000000008006950       0xd0 bin/obj/vexlcd.o
 .text.vexLcdDebug
                0x0000000008006a20       0x98 bin/obj/vexlcd.o
                0x0000000008006a20                vexLcdDebug
 *fill*         0x0000000008006ab8        0x8 
 .text.vexAdcInit
                0x0000000008006ac0       0x30 bin/obj/vexanalog.o
                0x0000000008006ac0                vexAdcInit
 .text.vexAdcGet
                0x0000000008006af0       0x18 bin/obj/vexanalog.o
                0x0000000008006af0                vexAdcGet
 *fill*         0x0000000008006b08        0x8 
 .text.vexAdcDebug
                0x0000000008006b10       0x28 bin/obj/vexanalog.o
                0x0000000008006b10                vexAdcDebug
 *fill*         0x0000000008006b38        0x8 
 .text.vexControllerCompetitonState
                0x0000000008006b40       0x20 bin/obj/vexctl.o
                0x0000000008006b40                vexControllerCompetitonState
 .text.vexControllerGet
                0x0000000008006b60      0x12c bin/obj/vexctl.o
                0x0000000008006b60                vexControllerGet
 *fill*         0x0000000008006c8c        0x4 
 .text.vexImeGetCount
                0x0000000008006c90       0x24 bin/obj/vexime.o
                0x0000000008006c90                vexImeGetCount
 *fill*         0x0000000008006cb4        0xc 
 .text.vexImeSetCount
                0x0000000008006cc0       0x20 bin/obj/vexime.o
                0x0000000008006cc0                vexImeSetCount
 .text.vexImeGetId
                0x0000000008006ce0       0x20 bin/obj/vexime.o
                0x0000000008006ce0                vexImeGetId
 .text.vexImeSetType
                0x0000000008006d00       0x3c bin/obj/vexime.o
                0x0000000008006d00                vexImeSetType
 *fill*         0x0000000008006d3c        0x4 
 .text.vexImeSetMotor
                0x0000000008006d40       0x18 bin/obj/vexime.o
                0x0000000008006d40                vexImeSetMotor
 *fill*         0x0000000008006d58        0x8 
 .text.vexImeInit
                0x0000000008006d60       0x64 bin/obj/vexime.o
                0x0000000008006d60                vexImeInit
 *fill*         0x0000000008006dc4        0xc 
 .text.vexIMEDataInit
                0x0000000008006dd0       0x5c bin/obj/vexime.o
                0x0000000008006dd0                vexIMEDataInit
 *fill*         0x0000000008006e2c        0x4 
 .text.vexIMEResetAll
                0x0000000008006e30       0x4c bin/obj/vexime.o
                0x0000000008006e30                vexIMEResetAll
 *fill*         0x0000000008006e7c        0x4 
 .text.vexIMEHandleErrors
                0x0000000008006e80       0x74 bin/obj/vexime.o
                0x0000000008006e80                vexIMEHandleErrors
 *fill*         0x0000000008006ef4        0xc 
 .text.vexIMEGetVersion
                0x0000000008006f00       0x58 bin/obj/vexime.o
                0x0000000008006f00                vexIMEGetVersion
 *fill*         0x0000000008006f58        0x8 
 .text.vexIMEGetVendor
                0x0000000008006f60       0x54 bin/obj/vexime.o
                0x0000000008006f60                vexIMEGetVendor
 *fill*         0x0000000008006fb4        0xc 
 .text.vexIMEGetDeviceId
                0x0000000008006fc0       0x58 bin/obj/vexime.o
                0x0000000008006fc0                vexIMEGetDeviceId
 *fill*         0x0000000008007018        0x8 
 .text.vexIMEGetData
                0x0000000008007020       0x58 bin/obj/vexime.o
                0x0000000008007020                vexIMEGetData
 *fill*         0x0000000008007078        0x8 
 .text.vexIMEUpdateCounts
                0x0000000008007080       0x80 bin/obj/vexime.o
                0x0000000008007080                vexIMEUpdateCounts
 .text.vexIMEClearCounters
                0x0000000008007100       0x50 bin/obj/vexime.o
                0x0000000008007100                vexIMEClearCounters
 .text.vexIMEDisableTermination
                0x0000000008007150       0x50 bin/obj/vexime.o
                0x0000000008007150                vexIMEDisableTermination
 .text.vexIMEEnableTermination
                0x00000000080071a0       0x50 bin/obj/vexime.o
                0x00000000080071a0                vexIMEEnableTermination
 .text.vexIMESetAddr
                0x00000000080071f0       0x58 bin/obj/vexime.o
                0x00000000080071f0                vexIMESetAddr
 *fill*         0x0000000008007248        0x8 
 .text.vexIMEFindEncoders
                0x0000000008007250      0x104 bin/obj/vexime.o
                0x0000000008007250                vexIMEFindEncoders
 *fill*         0x0000000008007354        0xc 
 .text.vexIMEPrintBuf
                0x0000000008007360       0x74 bin/obj/vexime.o
                0x0000000008007360                vexIMEPrintBuf
 *fill*         0x00000000080073d4        0xc 
 .text.vexImeTask
                0x00000000080073e0      0x108 bin/obj/vexime.o
 *fill*         0x00000000080074e8        0x8 
 .text.vexIMEDebug
                0x00000000080074f0      0x128 bin/obj/vexime.o
                0x00000000080074f0                vexIMEDebug
 *fill*         0x0000000008007618        0x8 
 .text.vex_printc
                0x0000000008007620       0xb0 bin/obj/vexprintf.o
 .text.vex_prints
                0x00000000080076d0       0xac bin/obj/vexprintf.o
 *fill*         0x000000000800777c        0x4 
 .text.vex_printi
                0x0000000008007780       0xc4 bin/obj/vexprintf.o
 *fill*         0x0000000008007844        0xc 
 .text.vex_print
                0x0000000008007850      0x3d8 bin/obj/vexprintf.o
 *fill*         0x0000000008007c28        0x8 
 .text.vex_printf
                0x0000000008007c30       0x5c bin/obj/vexprintf.o
                0x0000000008007c30                vex_printf
 *fill*         0x0000000008007c8c        0x4 
 .text.vex_chprintf
                0x0000000008007c90       0x5c bin/obj/vexprintf.o
                0x0000000008007c90                vex_chprintf
 *fill*         0x0000000008007cec        0x4 
 .text.vex_vsnprintf
                0x0000000008007cf0       0x5c bin/obj/vexprintf.o
                0x0000000008007cf0                vex_vsnprintf
 *fill*         0x0000000008007d4c        0x4 
 .text.vexTestThread
                0x0000000008007d50       0x1c bin/obj/vextest.o
 *fill*         0x0000000008007d6c        0x4 
 .text.vexTest  0x0000000008007d70       0x24 bin/obj/vextest.o
                0x0000000008007d70                vexTest
 *fill*         0x0000000008007d94        0xc 
 .text.vexTestDebug
                0x0000000008007da0        0x4 bin/obj/vextest.o
                0x0000000008007da0                vexTestDebug
 *fill*         0x0000000008007da4        0xc 
 .text.vexRobotcTask
                0x0000000008007db0       0x1c bin/obj/robotc_glue.o
 *fill*         0x0000000008007dcc        0x4 
 .text.StartTaskWithPriority
                0x0000000008007dd0       0x98 bin/obj/robotc_glue.o
                0x0000000008007dd0                StartTaskWithPriority
 *fill*         0x0000000008007e68        0x8 
 .text.CleanupTask
                0x0000000008007e70       0x28 bin/obj/robotc_glue.o
                0x0000000008007e70                CleanupTask
 *fill*         0x0000000008007e98        0x8 
 .text.SmartMotorSlewRateTask
                0x0000000008007ea0      0x170 bin/obj/smartmotor.o
                0x0000000008007ea0                SmartMotorSlewRateTask
 .text.SmartMotorGetSpeed
                0x0000000008008010       0x1c bin/obj/smartmotor.o
                0x0000000008008010                SmartMotorGetSpeed
 *fill*         0x000000000800802c        0x4 
 .text._SmartMotorGetCurrent
                0x0000000008008030       0x3c bin/obj/smartmotor.o
                0x0000000008008030                _SmartMotorGetCurrent
 *fill*         0x000000000800806c        0x4 
 .text.SmartMotorGetTemperature
                0x0000000008008070       0x1c bin/obj/smartmotor.o
                0x0000000008008070                SmartMotorGetTemperature
 *fill*         0x000000000800808c        0x4 
 .text.SmartMotorGetControllerCurrent
                0x0000000008008090       0x1c bin/obj/smartmotor.o
                0x0000000008008090                SmartMotorGetControllerCurrent
 *fill*         0x00000000080080ac        0x4 
 .text.SmartMotorGetControllerTemperature
                0x00000000080080b0       0x1c bin/obj/smartmotor.o
                0x00000000080080b0                SmartMotorGetControllerTemperature
 *fill*         0x00000000080080cc        0x4 
 .text.SmartMotorCurrentMonitorEnable
                0x00000000080080d0       0x18 bin/obj/smartmotor.o
                0x00000000080080d0                SmartMotorCurrentMonitorEnable
 *fill*         0x00000000080080e8        0x8 
 .text.SmartMotorRun
                0x00000000080080f0       0x24 bin/obj/smartmotor.o
                0x00000000080080f0                SmartMotorRun
 *fill*         0x0000000008008114        0xc 
 .text.SmartMotorDebugStatus
                0x0000000008008120       0xd8 bin/obj/smartmotor.o
                0x0000000008008120                SmartMotorDebugStatus
 *fill*         0x00000000080081f8        0x8 
 .text.SmartMotorsInit
                0x0000000008008200      0x2f8 bin/obj/smartmotor.o
                0x0000000008008200                SmartMotorsInit
 *fill*         0x00000000080084f8        0x8 
 .text.SmartMotorSpeed
                0x0000000008008500       0x7c bin/obj/smartmotor.o
                0x0000000008008500                SmartMotorSpeed
 *fill*         0x000000000800857c        0x4 
 .text.SmartMotorSimulateSpeed
                0x0000000008008580       0xd0 bin/obj/smartmotor.o
                0x0000000008008580                SmartMotorSimulateSpeed
 .text.SmartMotorCurrent
                0x0000000008008650      0x4dc bin/obj/smartmotor.o
                0x0000000008008650                SmartMotorCurrent
 *fill*         0x0000000008008b2c        0x4 
 .text.SmartMotorControllerCurrent
                0x0000000008008b30       0x40 bin/obj/smartmotor.o
                0x0000000008008b30                SmartMotorControllerCurrent
 .text.SmartMotorSafeCommand
                0x0000000008008b70      0x194 bin/obj/smartmotor.o
                0x0000000008008b70                SmartMotorSafeCommand
 *fill*         0x0000000008008d04        0xc 
 .text.SmartMotorMonitorPtc
                0x0000000008008d10       0x6c bin/obj/smartmotor.o
                0x0000000008008d10                SmartMotorMonitorPtc
 *fill*         0x0000000008008d7c        0x4 
 .text.SmartMotorControllerMonitorPtc
                0x0000000008008d80       0xc8 bin/obj/smartmotor.o
                0x0000000008008d80                SmartMotorControllerMonitorPtc
 *fill*         0x0000000008008e48        0x8 
 .text.SmartMotorMonitorCurrent
                0x0000000008008e50       0x78 bin/obj/smartmotor.o
                0x0000000008008e50                SmartMotorMonitorCurrent
 *fill*         0x0000000008008ec8        0x8 
 .text.SmartMotorControllerSetLed
                0x0000000008008ed0       0x3c bin/obj/smartmotor.o
                0x0000000008008ed0                SmartMotorControllerSetLed
 *fill*         0x0000000008008f0c        0x4 
 .text.SmartMotorTask
                0x0000000008008f10      0x2a8 bin/obj/smartmotor.o
                0x0000000008008f10                SmartMotorTask
 *fill*         0x00000000080091b8        0x8 
 .text.apolloPut
                0x00000000080091c0       0x34 bin/obj/apollo.o
 *fill*         0x00000000080091f4        0xc 
 .text.vt100_printf
                0x0000000008009200       0x3c bin/obj/apollo.o
 *fill*         0x000000000800923c        0x4 
 .text.vt100_drawbox
                0x0000000008009240       0xe0 bin/obj/apollo.o
                0x0000000008009240                vt100_drawbox
 .text.apolloScreenSetup
                0x0000000008009320       0x9c bin/obj/apollo.o
                0x0000000008009320                apolloScreenSetup
 *fill*         0x00000000080093bc        0x4 
 .text.apolloMotorSetup
                0x00000000080093c0       0x78 bin/obj/apollo.o
                0x00000000080093c0                apolloMotorSetup
 *fill*         0x0000000008009438        0x8 
 .text.apolloDigitalSetup
                0x0000000008009440       0x58 bin/obj/apollo.o
                0x0000000008009440                apolloDigitalSetup
 *fill*         0x0000000008009498        0x8 
 .text.apolloAnalogSetup
                0x00000000080094a0       0x50 bin/obj/apollo.o
                0x00000000080094a0                apolloAnalogSetup
 .text.apolloJoystickSetup
                0x00000000080094f0      0x100 bin/obj/apollo.o
                0x00000000080094f0                apolloJoystickSetup
 .text.apolloUpdateMotor
                0x00000000080095f0       0xd4 bin/obj/apollo.o
                0x00000000080095f0                apolloUpdateMotor
 *fill*         0x00000000080096c4        0xc 
 .text.apolloUpdateCortex
                0x00000000080096d0       0x50 bin/obj/apollo.o
                0x00000000080096d0                apolloUpdateCortex
 .text.apolloUpdateDigital
                0x0000000008009720       0xbc bin/obj/apollo.o
                0x0000000008009720                apolloUpdateDigital
 *fill*         0x00000000080097dc        0x4 
 .text.apolloUpdateAnalog
                0x00000000080097e0       0x28 bin/obj/apollo.o
                0x00000000080097e0                apolloUpdateAnalog
 *fill*         0x0000000008009808        0x8 
 .text.apolloUpdateSystem
                0x0000000008009810       0xac bin/obj/apollo.o
                0x0000000008009810                apolloUpdateSystem
 *fill*         0x00000000080098bc        0x4 
 .text.apolloUpdateJoystickButton
                0x00000000080098c0       0x50 bin/obj/apollo.o
                0x00000000080098c0                apolloUpdateJoystickButton
 .text.apolloInit
                0x0000000008009910       0x54 bin/obj/apollo.o
                0x0000000008009910                apolloInit
 *fill*         0x0000000008009964        0xc 
 .text.apolloDeinit
                0x0000000008009970       0x34 bin/obj/apollo.o
                0x0000000008009970                apolloDeinit
 *fill*         0x00000000080099a4        0xc 
 .text.apolloUpdate
                0x00000000080099b0      0x284 bin/obj/apollo.o
                0x00000000080099b0                apolloUpdate
 *fill*         0x0000000008009c34        0xc 
 .text.vexUserSetup
                0x0000000008009c40        0x4 bin/obj/vexuser.o
                0x0000000008009c40                vexUserSetup
 *fill*         0x0000000008009c44        0xc 
 .text.vexUserInit
                0x0000000008009c50       0x14 bin/obj/vexuser.o
                0x0000000008009c50                vexUserInit
 *fill*         0x0000000008009c64        0xc 
 .text.vexAutonomous
                0x0000000008009c70       0x14 bin/obj/vexuser.o
                0x0000000008009c70                vexAutonomous
 *fill*         0x0000000008009c84        0xc 
 .text.vexOperator
                0x0000000008009c90       0x14 bin/obj/vexuser.o
                0x0000000008009c90                vexOperator
 *fill*         0x0000000008009ca4        0xc 
 .text.vexCortexDefaultSetup
                0x0000000008009cb0       0x20 bin/obj/vexdefault.o
                0x0000000008009cb0                vexCortexDefaultSetup
 .text.vexCortexDefaultDriver
                0x0000000008009cd0       0x60 bin/obj/vexdefault.o
                0x0000000008009cd0                vexCortexDefaultDriver
 .text.cmd_apollo
                0x0000000008009d30       0x20 bin/obj/main.o
 .text.cmd_sm   0x0000000008009d50        0x4 bin/obj/main.o
 *fill*         0x0000000008009d54        0xc 
 .text.atoi     0x0000000008009d60        0x8 /usr/local/gcc-arm-none-eabi-5_2-2015q4/bin/../lib/gcc/arm-none-eabi/5.2.1/../../../../arm-none-eabi/lib/armv7-m/libc.a(lib_a-atoi.o)
                0x0000000008009d60                atoi
 *fill*         0x0000000008009d68        0x8 
 .text.strcasecmp
                0x0000000008009d70       0x48 /usr/local/gcc-arm-none-eabi-5_2-2015q4/bin/../lib/gcc/arm-none-eabi/5.2.1/../../../../arm-none-eabi/lib/armv7-m/libc.a(lib_a-strcasecmp.o)
                0x0000000008009d70                strcasecmp
 *fill*         0x0000000008009db8        0x8 
 .text.strchr   0x0000000008009dc0       0xd0 /usr/local/gcc-arm-none-eabi-5_2-2015q4/bin/../lib/gcc/arm-none-eabi/5.2.1/../../../../arm-none-eabi/lib/armv7-m/libc.a(lib_a-strchr.o)
                0x0000000008009dc0                strchr
 .text.strncpy  0x0000000008009e90       0x68 /usr/local/gcc-arm-none-eabi-5_2-2015q4/bin/../lib/gcc/arm-none-eabi/5.2.1/../../../../arm-none-eabi/lib/armv7-m/libc.a(lib_a-strncpy.o)
                0x0000000008009e90                strncpy
 *fill*         0x0000000008009ef8        0x8 
 .text.strspn   0x0000000008009f00       0x34 /usr/local/gcc-arm-none-eabi-5_2-2015q4/bin/../lib/gcc/arm-none-eabi/5.2.1/../../../../arm-none-eabi/lib/armv7-m/libc.a(lib_a-strspn.o)
                0x0000000008009f00                strspn
 *fill*         0x0000000008009f34        0xc 
 .text._strtol_r
                0x0000000008009f40      0x128 /usr/local/gcc-arm-none-eabi-5_2-2015q4/bin/../lib/gcc/arm-none-eabi/5.2.1/../../../../arm-none-eabi/lib/armv7-m/libc.a(lib_a-strtol.o)
                0x0000000008009f40                _strtol_r
 *fill*         0x000000000800a068        0x8 
 .text.strtol   0x000000000800a070       0x18 /usr/local/gcc-arm-none-eabi-5_2-2015q4/bin/../lib/gcc/arm-none-eabi/5.2.1/../../../../arm-none-eabi/lib/armv7-m/libc.a(lib_a-strtol.o)
                0x000000000800a070                strtol
 *(.rodata)
 *fill*         0x000000000800a088        0x8 
 .rodata        0x000000000800a090        0x4 bin/obj/vexshell.o
 *(.rodata.*)
 *fill*         0x000000000800a094        0xc 
 .rodata.str1.4
                0x000000000800a0a0        0x5 bin/obj/chsys.o
 *fill*         0x000000000800a0a5        0xb 
 .rodata.ch_debug
                0x000000000800a0b0       0x16 bin/obj/chregistry.o
                0x000000000800a0b0                ch_debug
 *fill*         0x000000000800a0c6        0xa 
 .rodata.vmt    0x000000000800a0d0       0x20 bin/obj/serial.o
 .rodata._stm32_dma_streams
                0x000000000800a0f0       0x90 bin/obj/stm32_dma.o
                0x000000000800a0f0                _stm32_dma_streams
 .rodata.cfgtab.6619
                0x000000000800a180       0x12 bin/obj/pal_lld.o
 *fill*         0x000000000800a192        0xe 
 .rodata.default_config
                0x000000000800a1a0        0xc bin/obj/serial_lld.o
 *fill*         0x000000000800a1ac        0x4 
 .rodata.pal_default_config
                0x000000000800a1b0       0x54 bin/obj/board.o
                0x000000000800a1b0                pal_default_config
 *fill*         0x000000000800a204        0xc 
 .rodata.str1.4
                0x000000000800a210        0x7 bin/obj/chprintf.o
 *fill*         0x000000000800a217        0x9 
 .rodata.states.7791
                0x000000000800a220       0x3c bin/obj/vexshell.o
 *fill*         0x000000000800a25c        0x4 
 .rodata.str1.4
                0x000000000800a260      0x532 bin/obj/vexshell.o
                                        0x53e (size before relaxing)
 *fill*         0x000000000800a792        0xe 
 .rodata.lcd_config
                0x000000000800a7a0        0xc bin/obj/vexcortex.o
 *fill*         0x000000000800a7ac        0x4 
 .rodata.console_config
                0x000000000800a7b0        0xc bin/obj/vexcortex.o
 *fill*         0x000000000800a7bc        0x4 
 .rodata.str1.4
                0x000000000800a7c0       0x4c bin/obj/vexcortex.o
                                         0x70 (size before relaxing)
 *fill*         0x000000000800a80c        0x4 
 .rodata.str1.4
                0x000000000800a810       0x3b bin/obj/vexconfig.o
                                         0x3f (size before relaxing)
 *fill*         0x000000000800a84b        0x5 
 .rodata._vqe_cb_a
                0x000000000800a850       0x14 bin/obj/vexencoder.o
 *fill*         0x000000000800a864        0xc 
 .rodata._vqe_cb_b
                0x000000000800a870       0x14 bin/obj/vexencoder.o
 *fill*         0x000000000800a884        0xc 
 .rodata.str1.4
                0x000000000800a890       0x11 bin/obj/vexencoder.o
 *fill*         0x000000000800a8a1        0xf 
 .rodata.vexSonarGpt
                0x000000000800a8b0        0xc bin/obj/vexsonar.o
 *fill*         0x000000000800a8bc        0x4 
 .rodata.str1.4
                0x000000000800a8c0       0x30 bin/obj/vexsonar.o
 .rodata.str1.4
                0x000000000800a8f0       0x5d bin/obj/vexmotor.o
                                         0x65 (size before relaxing)
 *fill*         0x000000000800a94d        0x3 
 .rodata.txInitData
                0x000000000800a950       0x20 bin/obj/vexspi.o
 .rodata.vexSpiGpt
                0x000000000800a970        0xc bin/obj/vexspi.o
 *fill*         0x000000000800a97c        0x4 
 .rodata.str1.4
                0x000000000800a980       0x67 bin/obj/vexspi.o
                                         0x6b (size before relaxing)
 *fill*         0x000000000800a9e7        0x9 
 .rodata.str1.4
                0x000000000800a9f0       0x45 bin/obj/vexlcd.o
                                         0x49 (size before relaxing)
 *fill*         0x000000000800aa35        0xb 
 .rodata.str1.4
                0x000000000800aa40       0x13 bin/obj/vexanalog.o
 *fill*         0x000000000800aa53        0xd 
 .rodata.str1.4
                0x000000000800aa60       0xf7 bin/obj/vexime.o
                                        0x10b (size before relaxing)
 *fill*         0x000000000800ab57        0x9 
 .rodata.imeI2cConfig
                0x000000000800ab60        0xc bin/obj/vexime.o
 *fill*         0x000000000800ab6c        0x4 
 .rodata.str1.4
                0x000000000800ab70        0x2 bin/obj/vexprintf.o
                                          0xb (size before relaxing)
 *fill*         0x000000000800ab72        0xe 
 .rodata.round_nums
                0x000000000800ab80       0x40 bin/obj/vexprintf.o
 .rodata.str1.4
                0x000000000800abc0        0x5 bin/obj/vextest.o
 *fill*         0x000000000800abc5        0xb 
 .rodata.str1.4
                0x000000000800abd0        0xc bin/obj/robotc_glue.o
 *fill*         0x000000000800abdc        0x4 
 .rodata.str1.4
                0x000000000800abe0       0x9f bin/obj/smartmotor.o
                                         0xa3 (size before relaxing)
 *fill*         0x000000000800ac7f        0x1 
 .rodata.spd_table.8870
                0x000000000800ac80       0x14 bin/obj/smartmotor.o
 *fill*         0x000000000800ac94        0xc 
 .rodata.str1.4
                0x000000000800aca0      0x1cb bin/obj/apollo.o
                                        0x1db (size before relaxing)
 *fill*         0x000000000800ae6b        0x5 
 .rodata.str1.4
                0x000000000800ae70       0x11 bin/obj/vexuser.o
 *fill*         0x000000000800ae81        0xf 
 .rodata.commands
                0x000000000800ae90       0x58 bin/obj/main.o
 *fill*         0x000000000800aee8        0x8 
 .rodata.shell_cfg1
                0x000000000800aef0        0x8 bin/obj/main.o
 *fill*         0x000000000800aef8        0x8 
 .rodata.str1.4
                0x000000000800af00       0x23 bin/obj/main.o
                                         0x33 (size before relaxing)
 *fill*         0x000000000800af23        0xd 
 .rodata.str1.4
                0x000000000800af30        0x4 /usr/local/gcc-arm-none-eabi-5_2-2015q4/bin/../lib/gcc/arm-none-eabi/5.2.1/../../../../arm-none-eabi/lib/armv7-m/libc.a(lib_a-impure.o)
                                          0x2 (size before relaxing)
 *fill*         0x000000000800af34        0xc 
 .rodata._ctype_
                0x000000000800af40      0x101 /usr/local/gcc-arm-none-eabi-5_2-2015q4/bin/../lib/gcc/arm-none-eabi/5.2.1/../../../../arm-none-eabi/lib/armv7-m/libc.a(lib_a-ctype_.o)
                0x000000000800af40                _ctype_
 *(.glue_7t)
 .glue_7t       0x000000000800b041        0x0 linker stubs
 *(.glue_7)
 .glue_7        0x000000000800b041        0x0 linker stubs
 *(.gcc*)

.vfp11_veneer   0x000000000800b044        0x0
 .vfp11_veneer  0x000000000800b044        0x0 linker stubs

.v4_bx          0x000000000800b044        0x0
 .v4_bx         0x000000000800b044        0x0 linker stubs

.iplt           0x000000000800b044        0x0
 .iplt          0x000000000800b044        0x0 bin/obj/crt0.o

.rel.dyn        0x000000000800b044        0x0
 .rel.iplt      0x000000000800b044        0x0 bin/obj/crt0.o

.ARM.extab
 *(.ARM.extab* .gnu.linkonce.armextab.*)

.ARM.exidx      0x000000000800b041        0x0
                [!provide]                        PROVIDE (__exidx_start, .)
 *(.ARM.exidx* .gnu.linkonce.armexidx.*)
                [!provide]                        PROVIDE (__exidx_end, .)

.eh_frame_hdr
 *(.eh_frame_hdr)

.eh_frame
 *(.eh_frame)

.textalign      0x000000000800b041        0x7
                0x000000000800b048                . = ALIGN (0x8)
 *fill*         0x000000000800b041        0x7 
                0x000000000800b048                . = ALIGN (0x4)
                0x000000000800b048                _etext = .
                0x000000000800b048                _textdata = _etext

.stacks         0x0000000020000000      0x800
                0x0000000020000000                . = ALIGN (0x8)
                0x0000000020000000                __main_stack_base__ = .
                0x0000000020000400                . = (. + __main_stack_size__)
 *fill*         0x0000000020000000      0x400 
                0x0000000020000400                . = ALIGN (0x8)
                0x0000000020000400                __main_stack_end__ = .
                0x0000000020000400                __process_stack_base__ = .
                0x0000000020000400                __main_thread_stack_base__ = .
                0x0000000020000800                . = (. + __process_stack_size__)
 *fill*         0x0000000020000400      0x400 
                0x0000000020000800                . = ALIGN (0x8)
                0x0000000020000800                __process_stack_end__ = .
                0x0000000020000800                __main_thread_stack_end__ = .

.data           0x0000000020000800      0x770 load address 0x000000000800b048
                0x0000000020000800                . = ALIGN (0x4)
                0x0000000020000800                PROVIDE (_data, .)
 *(.data)
                0x0000000020000800                . = ALIGN (0x4)
 *(.data.*)
 .data.shell_echo
                0x0000000020000800        0x1 bin/obj/vexshell.o
 .data.shell_bufr
                0x0000000020000801        0x1 bin/obj/vexshell.o
 *fill*         0x0000000020000802        0x2 
 .data.local_commands
                0x0000000020000804       0x38 bin/obj/vexshell.o
 .data.task_terminate
                0x000000002000083c        0x4 bin/obj/vexcortex.o
 .data.vexioDefinition
                0x0000000020000840       0x90 bin/obj/vexdigital.o
                0x0000000020000840                vexioDefinition
 .data.vexDefConfig
                0x00000000200008d0       0x48 bin/obj/vexconfig.o
 .data.vexExtCfg
                0x0000000020000918       0x98 bin/obj/vexext.o
 .data.spicfg   0x00000000200009b0        0xc bin/obj/vexspi.o
 .data.spiTeamName
                0x00000000200009bc       0x10 bin/obj/vexspi.o
 .data.vexLcdData
                0x00000000200009cc       0xc0 bin/obj/vexlcd.o
 .data.adccg    0x0000000020000a8c       0x28 bin/obj/vexanalog.o
 .data.init.7450
                0x0000000020000ab4        0x1 bin/obj/robotc_glue.o
 *fill*         0x0000000020000ab5        0x3 
 .data.delayTimeMs.8955
                0x0000000020000ab8        0x4 bin/obj/smartmotor.o
 .data.mConfig  0x0000000020000abc       0x3c bin/obj/vexdefault.o
 .data.dConfig  0x0000000020000af8       0x48 bin/obj/vexdefault.o
 .data.impure_data
                0x0000000020000b40      0x428 /usr/local/gcc-arm-none-eabi-5_2-2015q4/bin/../lib/gcc/arm-none-eabi/5.2.1/../../../../arm-none-eabi/lib/armv7-m/libc.a(lib_a-impure.o)
 .data._impure_ptr
                0x0000000020000f68        0x4 /usr/local/gcc-arm-none-eabi-5_2-2015q4/bin/../lib/gcc/arm-none-eabi/5.2.1/../../../../arm-none-eabi/lib/armv7-m/libc.a(lib_a-impure.o)
                0x0000000020000f68                _impure_ptr
 .data.__ctype_ptr__
                0x0000000020000f6c        0x4 /usr/local/gcc-arm-none-eabi-5_2-2015q4/bin/../lib/gcc/arm-none-eabi/5.2.1/../../../../arm-none-eabi/lib/armv7-m/libc.a(lib_a-ctype_.o)
                0x0000000020000f6c                __ctype_ptr__
                0x0000000020000f70                . = ALIGN (0x4)
 *(.ramtext)
                0x0000000020000f70                . = ALIGN (0x4)
                0x0000000020000f70                PROVIDE (_edata, .)

.igot.plt       0x0000000020000f70        0x0 load address 0x000000000800b7b8
 .igot.plt      0x0000000020000f70        0x0 bin/obj/crt0.o

.bss            0x0000000020000f70     0x2214 load address 0x000000000800b7b8
                0x0000000020000f70                . = ALIGN (0x4)
                0x0000000020000f70                PROVIDE (_bss_start, .)
 *(.bss)
                0x0000000020000f70                . = ALIGN (0x4)
 *(.bss.*)
 .bss.mainthread.4904
                0x0000000020000f70       0x48 bin/obj/chsys.o
 .bss._idle_thread_wa
                0x0000000020000fb8       0xc0 bin/obj/chsys.o
                0x0000000020000fb8                _idle_thread_wa
 .bss.vtlist    0x0000000020001078       0x10 bin/obj/chvt.o
                0x0000000020001078                vtlist
 .bss.rlist     0x0000000020001088       0x1c bin/obj/chschd.o
                0x0000000020001088                rlist
 .bss.endmem    0x00000000200010a4        0x4 bin/obj/chmemcore.o
 .bss.nextmem   0x00000000200010a8        0x4 bin/obj/chmemcore.o
 *fill*         0x00000000200010ac        0x4 
 .bss.default_heap
                0x00000000200010b0       0x20 bin/obj/chheap.o
 .bss.measurement_offset
                0x00000000200010d0        0x4 bin/obj/tm.o
 .bss.dma_isr_redir
                0x00000000200010d4       0x60 bin/obj/stm32_dma.o
 .bss.dma_streams_mask
                0x0000000020001134        0x4 bin/obj/stm32_dma.o
 .bss.ADCD1     0x0000000020001138       0x34 bin/obj/adc_lld.o
                0x0000000020001138                ADCD1
 .bss.EXTD1     0x000000002000116c        0x8 bin/obj/ext_lld.o
                0x000000002000116c                EXTD1
 .bss.I2CD1     0x0000000020001174       0x38 bin/obj/i2c_lld.o
                0x0000000020001174                I2CD1
 .bss.dummytx   0x00000000200011ac        0x2 bin/obj/spi_lld.o
 *fill*         0x00000000200011ae        0x2 
 .bss.SPID1     0x00000000200011b0       0x30 bin/obj/spi_lld.o
                0x00000000200011b0                SPID1
 .bss.GPTD1     0x00000000200011e0       0x10 bin/obj/gpt_lld.o
                0x00000000200011e0                GPTD1
 .bss.GPTD2     0x00000000200011f0       0x10 bin/obj/gpt_lld.o
                0x00000000200011f0                GPTD2
 .bss.GPTD5     0x0000000020001200       0x10 bin/obj/gpt_lld.o
                0x0000000020001200                GPTD5
 .bss.SD1       0x0000000020001210       0xd8 bin/obj/serial_lld.o
                0x0000000020001210                SD1
 .bss.SD2       0x00000000200012e8       0xd8 bin/obj/serial_lld.o
                0x00000000200012e8                SD2
 .bss.SD3       0x00000000200013c0       0xd8 bin/obj/serial_lld.o
                0x00000000200013c0                SD3
 .bss.history.7854
                0x0000000020001498       0x40 bin/obj/vexshell.o
 .bss.shell_terminated
                0x00000000200014d8        0x4 bin/obj/vexshell.o
                0x00000000200014d8                shell_terminated
 *fill*         0x00000000200014dc        0x4 
 .bss.waVexUserTask
                0x00000000200014e0      0x2b0 bin/obj/vexcortex.o
 .bss.waVexCortexSystemTask
                0x0000000020001790      0x180 bin/obj/vexcortex.o
 .bss.myThreads
                0x0000000020001910      0x1e0 bin/obj/vexcortex.o
 .bss.waVexCortexMonitorTask
                0x0000000020001af0      0x280 bin/obj/vexcortex.o
 .bss.vexKillAll
                0x0000000020001d70        0x1 bin/obj/vexcortex.o
 *fill*         0x0000000020001d71        0x3 
 .bss.vexQuadEncoders
                0x0000000020001d74       0x8c bin/obj/vexencoder.o
 .bss.vexSonarThread
                0x0000000020001e00        0x4 bin/obj/vexsonar.o
 *fill*         0x0000000020001e04        0x4 
 .bss.waVexSonarTask
                0x0000000020001e08      0x180 bin/obj/vexsonar.o
 .bss.nextSonar